ARM Linker, 5.03 [Build 76] [MDK-ARM Professional]

==============================================================================

Section Cross References

    startup_stm32f407xx.o(STACK) refers (Special) to heapauxi.o(.text) for __use_two_region_memory
    startup_stm32f407xx.o(HEAP) refers (Special) to heapauxi.o(.text) for __use_two_region_memory
    startup_stm32f407xx.o(RESET) refers (Special) to heapauxi.o(.text) for __use_two_region_memory
    startup_stm32f407xx.o(RESET) refers to startup_stm32f407xx.o(STACK) for __initial_sp
    startup_stm32f407xx.o(RESET) refers to startup_stm32f407xx.o(.text) for Reset_Handler
    startup_stm32f407xx.o(RESET) refers to stm32f4xx_it.o(i.NMI_Handler) for NMI_Handler
    startup_stm32f407xx.o(RESET) refers to stm32f4xx_it.o(i.HardFault_Handler) for HardFault_Handler
    startup_stm32f407xx.o(RESET) refers to stm32f4xx_it.o(i.MemManage_Handler) for MemManage_Handler
    startup_stm32f407xx.o(RESET) refers to stm32f4xx_it.o(i.BusFault_Handler) for BusFault_Handler
    startup_stm32f407xx.o(RESET) refers to stm32f4xx_it.o(i.UsageFault_Handler) for UsageFault_Handler
    startup_stm32f407xx.o(RESET) refers to port.o(.emb_text) for SVC_Handler
    startup_stm32f407xx.o(RESET) refers to stm32f4xx_it.o(i.DebugMon_Handler) for DebugMon_Handler
    startup_stm32f407xx.o(RESET) refers to cmsis_os2.o(i.SysTick_Handler) for SysTick_Handler
    startup_stm32f407xx.o(RESET) refers to stm32f4xx_it.o(i.TIM2_IRQHandler) for TIM2_IRQHandler
    startup_stm32f407xx.o(RESET) refers to stm32f4xx_it.o(i.TIM3_IRQHandler) for TIM3_IRQHandler
    startup_stm32f407xx.o(RESET) refers to stm32f4xx_it.o(i.USART1_IRQHandler) for USART1_IRQHandler
    startup_stm32f407xx.o(RESET) refers to stm32f4xx_it.o(i.TIM7_IRQHandler) for TIM7_IRQHandler
    startup_stm32f407xx.o(RESET) refers to stm32f4xx_it.o(i.DMA2_Stream2_IRQHandler) for DMA2_Stream2_IRQHandler
    startup_stm32f407xx.o(RESET) refers to stm32f4xx_it.o(i.DMA2_Stream7_IRQHandler) for DMA2_Stream7_IRQHandler
    startup_stm32f407xx.o(.text) refers (Special) to heapauxi.o(.text) for __use_two_region_memory
    startup_stm32f407xx.o(.text) refers to system_stm32f4xx.o(i.SystemInit) for SystemInit
    startup_stm32f407xx.o(.text) refers to __main.o(!!!main) for __main
    startup_stm32f407xx.o(.text) refers to startup_stm32f407xx.o(HEAP) for Heap_Mem
    startup_stm32f407xx.o(.text) refers to startup_stm32f407xx.o(STACK) for Stack_Mem
    main.o(i.HAL_TIM_IC_CaptureCallback) refers to stm32f4xx_hal_tim.o(i.HAL_TIM_ReadCapturedValue) for HAL_TIM_ReadCapturedValue
    main.o(i.HAL_TIM_IC_CaptureCallback) refers to main.o(.data) for .data
    main.o(i.HAL_TIM_PeriodElapsedCallback) refers to stm32f4xx_hal.o(i.HAL_IncTick) for HAL_IncTick
    main.o(i.HAL_UART_RxCpltCallback) refers to stm32f4xx_hal_uart.o(i.HAL_UART_Transmit_DMA) for HAL_UART_Transmit_DMA
    main.o(i.HAL_UART_RxCpltCallback) refers to stm32f4xx_hal_uart.o(i.HAL_UART_Receive_IT) for HAL_UART_Receive_IT
    main.o(i.HAL_UART_RxCpltCallback) refers to main.o(.data) for .data
    main.o(i.HAL_UART_RxCpltCallback) refers to main.o(.bss) for .bss
    main.o(i.HCSR04_Trigger) refers to stm32f4xx_hal_gpio.o(i.HAL_GPIO_WritePin) for HAL_GPIO_WritePin
    main.o(i.HCSR04_Trigger) refers to stm32f4xx_hal.o(i.HAL_Delay) for HAL_Delay
    main.o(i.I2C_ClearBusyFlagErratum) refers to rt_memclr_w.o(.text) for __aeabi_memclr4
    main.o(i.I2C_ClearBusyFlagErratum) refers to stm32f4xx_hal_i2c.o(i.HAL_I2C_DeInit) for HAL_I2C_DeInit
    main.o(i.I2C_ClearBusyFlagErratum) refers to stm32f4xx_hal_gpio.o(i.HAL_GPIO_Init) for HAL_GPIO_Init
    main.o(i.I2C_ClearBusyFlagErratum) refers to stm32f4xx_hal_gpio.o(i.HAL_GPIO_WritePin) for HAL_GPIO_WritePin
    main.o(i.I2C_ClearBusyFlagErratum) refers to main.o(i.wait_for_gpio_state_timeout) for wait_for_gpio_state_timeout
    main.o(i.I2C_ClearBusyFlagErratum) refers to stm32f4xx_hal_i2c.o(i.HAL_I2C_Init) for HAL_I2C_Init
    main.o(i.L298N_move) refers to stm32f4xx_hal_gpio.o(i.HAL_GPIO_WritePin) for HAL_GPIO_WritePin
    main.o(i.L298N_move_without_PWM) refers to stm32f4xx_hal_gpio.o(i.HAL_GPIO_WritePin) for HAL_GPIO_WritePin
    main.o(i.MX_ADC1_Init) refers to stm32f4xx_hal_adc.o(i.HAL_ADC_Init) for HAL_ADC_Init
    main.o(i.MX_ADC1_Init) refers to stm32f4xx_hal_adc.o(i.HAL_ADC_ConfigChannel) for HAL_ADC_ConfigChannel
    main.o(i.MX_ADC1_Init) refers to main.o(.bss) for .bss
    main.o(i.MX_GPIO_Init) refers to rt_memclr_w.o(.text) for __aeabi_memclr4
    main.o(i.MX_GPIO_Init) refers to stm32f4xx_hal_gpio.o(i.HAL_GPIO_WritePin) for HAL_GPIO_WritePin
    main.o(i.MX_GPIO_Init) refers to stm32f4xx_hal_gpio.o(i.HAL_GPIO_Init) for HAL_GPIO_Init
    main.o(i.MX_TIM1_Init) refers to rt_memclr_w.o(.text) for __aeabi_memclr4
    main.o(i.MX_TIM1_Init) refers to stm32f4xx_hal_tim.o(i.HAL_TIM_Base_Init) for HAL_TIM_Base_Init
[...]
    Error_Handler                            0x08001d93   Thumb Code     4  main.o(i.Error_Handler)
    HAL_ADC_ConfigChannel                    0x08001d99   Thumb Code   316  stm32f4xx_hal_adc.o(i.HAL_ADC_ConfigChannel)
    HAL_ADC_GetValue                         0x08001ee5   Thumb Code     6  stm32f4xx_hal_adc.o(i.HAL_ADC_GetValue)
    HAL_ADC_Init                             0x08001eeb   Thumb Code    84  stm32f4xx_hal_adc.o(i.HAL_ADC_Init)
    HAL_ADC_MspInit                          0x08001f41   Thumb Code    84  stm32f4xx_hal_msp.o(i.HAL_ADC_MspInit)
    HAL_ADC_PollForConversion                0x08001fa1   Thumb Code   170  stm32f4xx_hal_adc.o(i.HAL_ADC_PollForConversion)
    HAL_ADC_Start                            0x0800204d   Thumb Code   232  stm32f4xx_hal_adc.o(i.HAL_ADC_Start)
    HAL_ADC_Stop                             0x0800214d   Thumb Code    60  stm32f4xx_hal_adc.o(i.HAL_ADC_Stop)
    HAL_DMA_Abort                            0x08002189   Thumb Code   142  stm32f4xx_hal_dma.o(i.HAL_DMA_Abort)
    HAL_DMA_Abort_IT                         0x08002217   Thumb Code    36  stm32f4xx_hal_dma.o(i.HAL_DMA_Abort_IT)
    HAL_DMA_IRQHandler                       0x0800223d   Thumb Code   420  stm32f4xx_hal_dma.o(i.HAL_DMA_IRQHandler)
    HAL_DMA_Init                             0x080023e5   Thumb Code   206  stm32f4xx_hal_dma.o(i.HAL_DMA_Init)
    HAL_DMA_Start_IT                         0x080024b9   Thumb Code   110  stm32f4xx_hal_dma.o(i.HAL_DMA_Start_IT)
    HAL_Delay                                0x08002529   Thumb Code    32  stm32f4xx_hal.o(i.HAL_Delay)
    HAL_GPIO_DeInit                          0x0800254d   Thumb Code   316  stm32f4xx_hal_gpio.o(i.HAL_GPIO_DeInit)
    HAL_GPIO_Init                            0x080026b1   Thumb Code   450  stm32f4xx_hal_gpio.o(i.HAL_GPIO_Init)
    HAL_GPIO_ReadPin                         0x080028a1   Thumb Code    10  stm32f4xx_hal_gpio.o(i.HAL_GPIO_ReadPin)
    HAL_GPIO_WritePin                        0x080028ab   Thumb Code    10  stm32f4xx_hal_gpio.o(i.HAL_GPIO_WritePin)
    HAL_GetTick                              0x080028b5   Thumb Code     6  stm32f4xx_hal.o(i.HAL_GetTick)
    HAL_I2C_DeInit                           0x080028c1   Thumb Code    48  stm32f4xx_hal_i2c.o(i.HAL_I2C_DeInit)
    HAL_I2C_Init                             0x080028f1   Thumb Code   364  stm32f4xx_hal_i2c.o(i.HAL_I2C_Init)
    HAL_I2C_Master_Transmit                  0x08002a6d   Thumb Code   298  stm32f4xx_hal_i2c.o(i.HAL_I2C_Master_Transmit)
    HAL_I2C_Mem_Read                         0x08002ba1   Thumb Code   494  stm32f4xx_hal_i2c.o(i.HAL_I2C_Mem_Read)
    HAL_I2C_Mem_Write                        0x08002d9d   Thumb Code   302  stm32f4xx_hal_i2c.o(i.HAL_I2C_Mem_Write)
    HAL_I2C_MspDeInit                        0x08002ed5   Thumb Code   102  stm32f4xx_hal_msp.o(i.HAL_I2C_MspDeInit)
    HAL_I2C_MspInit                          0x08002f5d   Thumb Code   242  stm32f4xx_hal_msp.o(i.HAL_I2C_MspInit)
    HAL_IncTick                              0x08003071   Thumb Code    12  stm32f4xx_hal.o(i.HAL_IncTick)
    HAL_Init                                 0x08003081   Thumb Code    48  stm32f4xx_hal.o(i.HAL_Init)
    HAL_InitTick                             0x080030b5   Thumb Code   132  stm32f4xx_hal_timebase_tim.o(i.HAL_InitTick)
    HAL_MspInit                              0x0800314d   Thumb Code    52  stm32f4xx_hal_msp.o(i.HAL_MspInit)
    HAL_NVIC_EnableIRQ                       0x08003185   Thumb Code    28  stm32f4xx_hal_cortex.o(i.HAL_NVIC_EnableIRQ)
    HAL_NVIC_SetPriority                     0x080031a1   Thumb Code    60  stm32f4xx_hal_cortex.o(i.HAL_NVIC_SetPriority)
    HAL_NVIC_SetPriorityGrouping             0x080031e1   Thumb Code    26  stm32f4xx_hal_cortex.o(i.HAL_NVIC_SetPriorityGrouping)
    HAL_RCC_ClockConfig                      0x08003205   Thumb Code   288  stm32f4xx_hal_rcc.o(i.HAL_RCC_ClockConfig)
    HAL_RCC_GetClockConfig                   0x08003339   Thumb Code    54  stm32f4xx_hal_rcc.o(i.HAL_RCC_GetClockConfig)
    HAL_RCC_GetPCLK1Freq                     0x08003379   Thumb Code    20  stm32f4xx_hal_rcc.o(i.HAL_RCC_GetPCLK1Freq)
    HAL_RCC_GetPCLK2Freq                     0x08003399   Thumb Code    20  stm32f4xx_hal_rcc.o(i.HAL_RCC_GetPCLK2Freq)
    HAL_RCC_GetSysClockFreq                  0x080033b9   Thumb Code    88  stm32f4xx_hal_rcc.o(i.HAL_RCC_GetSysClockFreq)
    HAL_RCC_OscConfig                        0x0800341d   Thumb Code   856  stm32f4xx_hal_rcc.o(i.HAL_RCC_OscConfig)
    HAL_TIMEx_BreakCallback                  0x08003789   Thumb Code     2  stm32f4xx_hal_tim_ex.o(i.HAL_TIMEx_BreakCallback)
    HAL_TIMEx_CommutCallback                 0x0800378b   Thumb Code     2  stm32f4xx_hal_tim_ex.o(i.HAL_TIMEx_CommutCallback)
    HAL_TIMEx_ConfigBreakDeadTime            0x0800378d   Thumb Code    84  stm32f4xx_hal_tim_ex.o(i.HAL_TIMEx_ConfigBreakDeadTime)
    HAL_TIMEx_MasterConfigSynchronization    0x080037e1   Thumb Code   114  stm32f4xx_hal_tim_ex.o(i.HAL_TIMEx_MasterConfigSynchronization)
    HAL_TIM_Base_Init                        0x08003871   Thumb Code    72  stm32f4xx_hal_tim.o(i.HAL_TIM_Base_Init)
    HAL_TIM_Base_MspInit                     0x080038b9   Thumb Code   168  stm32f4xx_hal_msp.o(i.HAL_TIM_Base_MspInit)
    HAL_TIM_Base_Start_IT                    0x08003971   Thumb Code   100  stm32f4xx_hal_tim.o(i.HAL_TIM_Base_Start_IT)
    HAL_TIM_ConfigClockSource                0x080039f1   Thumb Code   218  stm32f4xx_hal_tim.o(i.HAL_TIM_ConfigClockSource)
    HAL_TIM_IC_CaptureCallback               0x08003acd   Thumb Code   140  main.o(i.HAL_TIM_IC_CaptureCallback)
    HAL_TIM_IC_ConfigChannel                 0x08003b65   Thumb Code   286  stm32f4xx_hal_tim.o(i.HAL_TIM_IC_ConfigChannel)
    HAL_TIM_IC_Init                          0x08003c83   Thumb Code    72  stm32f4xx_hal_tim.o(i.HAL_TIM_IC_Init)
    HAL_TIM_IC_MspInit                       0x08003ccb   Thumb Code     2  stm32f4xx_hal_tim.o(i.HAL_TIM_IC_MspInit)
    HAL_TIM_IC_Start_IT                      0x08003ccd   Thumb Code   240  stm32f4xx_hal_tim.o(i.HAL_TIM_IC_Start_IT)
    HAL_TIM_IRQHandler                       0x08003dd9   Thumb Code   358  stm32f4xx_hal_tim.o(i.HAL_TIM_IRQHandler)
    HAL_TIM_MspPostInit                      0x08003f41   Thumb Code    72  stm32f4xx_hal_msp.o(i.HAL_TIM_MspPostInit)
    HAL_TIM_OC_DelayElapsedCallback          0x08003f95   Thumb Code     2  stm32f4xx_hal_tim.o(i.HAL_TIM_OC_DelayElapsedCallback)
    HAL_TIM_PWM_ConfigChannel                0x08003f97   Thumb Code   204  stm32f4xx_hal_tim.o(i.HAL_TIM_PWM_ConfigChannel)
    HAL_TIM_PWM_Init                         0x08004063   Thumb Code    72  stm32f4xx_hal_tim.o(i.HAL_TIM_PWM_Init)
    HAL_TIM_PWM_MspInit                      0x080040ab   Thumb Code     2  stm32f4xx_hal_tim.o(i.HAL_TIM_PWM_MspInit)
    HAL_TIM_PWM_PulseFinishedCallback        0x080040ad   Thumb Code     2  stm32f4xx_hal_tim.o(i.HAL_TIM_PWM_PulseFinishedCallback)
    HAL_TIM_PWM_Start                        0x080040b1   Thumb Code   172  stm32f4xx_hal_tim.o(i.HAL_TIM_PWM_Start)
    HAL_TIM_PeriodElapsedCallback            0x08004179   Thumb Code    14  main.o(i.HAL_TIM_PeriodElapsedCallback)
    HAL_TIM_ReadCapturedValue                0x0800418d   Thumb Code    42  stm32f4xx_hal_tim.o(i.HAL_TIM_ReadCapturedValue)
    HAL_TIM_TriggerCallback                  0x080041b7   Thumb Code     2  stm32f4xx_hal_tim.o(i.HAL_TIM_TriggerCallback)
    HAL_UARTEx_RxEventCallback               0x080041b9   Thumb Code     2  stm32f4xx_hal_uart.o(i.HAL_UARTEx_RxEventCallback)
    HAL_UART_ErrorCallback                   0x080041bb   Thumb Code     2  stm32f4xx_hal_uart.o(i.HAL_UART_ErrorCallback)
    HAL_UART_IRQHandler                      0x080041bd   Thumb Code   612  stm32f4xx_hal_uart.o(i.HAL_UART_IRQHandler)
    HAL_UART_Init                            0x08004425   Thumb Code    98  stm32f4xx_hal_uart.o(i.HAL_UART_Init)
    HAL_UART_MspInit                         0x08004489   Thumb Code   214  stm32f4xx_hal_msp.o(i.HAL_UART_MspInit)
    HAL_UART_Receive_IT                      0x08004579   Thumb Code    42  stm32f4xx_hal_uart.o(i.HAL_UART_Receive_IT)
    HAL_UART_RxCpltCallback                  0x080045a5   Thumb Code   120  main.o(i.HAL_UART_RxCpltCallback)
    HAL_UART_Transmit_DMA                    0x08004629   Thumb Code   128  stm32f4xx_hal_uart.o(i.HAL_UART_Transmit_DMA)
    HAL_UART_TxCpltCallback                  0x080046b5   Thumb Code     2  stm32f4xx_hal_uart.o(i.HAL_UART_TxCpltCallback)
    HAL_UART_TxHalfCpltCallback              0x080046b7   Thumb Code     2  stm32f4xx_hal_uart.o(i.HAL_UART_TxHalfCpltCallback)
    HCSR04_Trigger                           0x080046b9   Thumb Code    34  main.o(i.HCSR04_Trigger)
    HardFault_Handler                        0x080046e1   Thumb Code     2  stm32f4xx_it.o(i.HardFault_Handler)
    Kalman_getAngle                          0x08004c59   Thumb Code   500  mpu6050.o(i.Kalman_getAngle)
    L298N_move                               0x08004e65   Thumb Code   106  main.o(i.L298N_move)
    L298N_move_without_PWM                   0x08004ecf   Thumb Code    60  main.o(i.L298N_move_without_PWM)
    MPU6050_Init                             0x08004f0b   Thumb Code   154  mpu6050.o(i.MPU6050_Init)
    MPU6050_Read_All                         0x08004fa5   Thumb Code   658  mpu6050.o(i.MPU6050_Read_All)
    MemManage_Handler                        0x0800563d   Thumb Code     2  stm32f4xx_it.o(i.MemManage_Handler)
    NMI_Handler                              0x0800563f   Thumb Code     2  stm32f4xx_it.o(i.NMI_Handler)
    PCA9685_AutoIncrement                    0x08005641   Thumb Code    14  pca9685.o(i.PCA9685_AutoIncrement)
    PCA9685_Init                             0x0800564f   Thumb Code    34  pca9685.o(i.PCA9685_Init)
    PCA9685_ResetAllChannels                 0x08005671   Thumb Code    84  pca9685.o(i.PCA9685_ResetAllChannels)
    PCA9685_RestartMode                      0x080056c5   Thumb Code    14  pca9685.o(i.PCA9685_RestartMode)
    PCA9685_SetBit                           0x080056d3   Thumb Code   110  pca9685.o(i.PCA9685_SetBit)
    PCA9685_SetPin                           0x08005741   Thumb Code    64  pca9685.o(i.PCA9685_SetPin)
    PCA9685_SetPwm                           0x08005781   Thumb Code    60  pca9685.o(i.PCA9685_SetPwm)
    PCA9685_SetPwmFrequency                  0x080057bd   Thumb Code   174  pca9685.o(i.PCA9685_SetPwmFrequency)
    PCA9685_SetServoAngle                    0x0800588d   Thumb Code   116  pca9685.o(i.PCA9685_SetServoAngle)
    PCA9685_SleepMode                        0x08005925   Thumb Code    14  pca9685.o(i.PCA9685_SleepMode)
    PCA9685_SoftwareReset                    0x08005933   Thumb Code    30  pca9685.o(i.PCA9685_SoftwareReset)
    PCA9685_WriteRegister                    0x08005951   Thumb Code    28  pca9685.o(i.PCA9685_WriteRegister)
    StartDefaultTask                         0x0800596d   Thumb Code     8  main.o(i.StartDefaultTask)
    StartHandServoControlTask                0x08005975   Thumb Code  3592  main.o(i.StartHandServoControlTask)
    StartMPU5060ReadTask                     0x08006781   Thumb Code   474  main.o(i.StartMPU5060ReadTask)
    StartMotorControlTask                    0x08006975   Thumb Code  1070  main.o(i.StartMotorControlTask)
    StartServoControlTask                    0x08006da5   Thumb Code  1730  main.o(i.StartServoControlTask)
    StartUARTTask                            0x08007475   Thumb Code  1514  main.o(i.StartUARTTask)
    SysTick_Handler                          0x08007a65   Thumb Code    26  cmsis_os2.o(i.SysTick_Handler)
    SystemClock_Config                       0x08007a81   Thumb Code   138  main.o(i.SystemClock_Config)
    SystemInit                               0x08007b15   Thumb Code    12  system_stm32f4xx.o(i.SystemInit)
    TIM2_IRQHandler                          0x08007b25   Thumb Code     6  stm32f4xx_it.o(i.TIM2_IRQHandler)
    TIM3_IRQHandler                          0x08007b31   Thumb Code     6  stm32f4xx_it.o(i.TIM3_IRQHandler)
    TIM7_IRQHandler                          0x08007b3d   Thumb Code     6  stm32f4xx_it.o(i.TIM7_IRQHandler)
    TIM_Base_SetConfig                       0x08007b49   Thumb Code   156  stm32f4xx_hal_tim.o(i.TIM_Base_SetConfig)
    TIM_CCxChannelCmd                        0x08007c11   Thumb Code    26  stm32f4xx_hal_tim.o(i.TIM_CCxChannelCmd)
    TIM_ETR_SetConfig                        0x08007c2b   Thumb Code    20  stm32f4xx_hal_tim.o(i.TIM_ETR_SetConfig)
    TIM_OC2_SetConfig                        0x08007cb1   Thumb Code    98  stm32f4xx_hal_tim.o(i.TIM_OC2_SetConfig)
    TIM_TI1_SetConfig                        0x08007df9   Thumb Code   100  stm32f4xx_hal_tim.o(i.TIM_TI1_SetConfig)
    UART_Start_Receive_IT                    0x08008181   Thumb Code    58  stm32f4xx_hal_uart.o(i.UART_Start_Receive_IT)
    USART1_IRQHandler                        0x080081bd   Thumb Code     6  stm32f4xx_it.o(i.USART1_IRQHandler)
    UsageFault_Handler                       0x080081c9   Thumb Code     2  stm32f4xx_it.o(i.UsageFault_Handler)
    __ARM_fpclassify                         0x080081cb   Thumb Code    48  fpclassify.o(i.__ARM_fpclassify)
    __hardfp_atan                            0x08008221   Thumb Code   636  atan.o(i.__hardfp_atan)
    __hardfp_atan2                           0x08008509   Thumb Code   416  atan2.o(i.__hardfp_atan2)
    __hardfp_fabs                            0x080086e9   Thumb Code    20  fabs.o(i.__hardfp_fabs)
    __hardfp_floor                           0x08008701   Thumb Code   252  floor.o(i.__hardfp_floor)
    __hardfp_round                           0x08008819   Thumb Code   194  round.o(i.__hardfp_round)
    __hardfp_sqrt                            0x080088f9   Thumb Code   122  sqrt.o(i.__hardfp_sqrt)
    __kernel_poly                            0x08008973   Thumb Code   248  poly.o(i.__kernel_poly)
    __mathlib_dbl_underflow                  0x08008a71   Thumb Code    24  dunder.o(i.__mathlib_dbl_underflow)
    _is_digit                                0x08008a91   Thumb Code    14  __printf_wp.o(i._is_digit)
    allServoHandSpin                         0x08008aa1   Thumb Code   146  main.o(i.allServoHandSpin)
    allServoLegSpin                          0x08008b39   Thumb Code   178  main.o(i.allServoLegSpin)
    atan                                     0x08008bf1   Thumb Code    16  atan.o(i.atan)
    boxAnimLead_Hand                         0x08008c01   Thumb Code   158  main.o(i.boxAnimLead_Hand)
    boxAnimSupport_Hand                      0x08008cb5   Thumb Code   162  main.o(i.boxAnimSupport_Hand)
    danceAnimLead_Hand                       0x08008d71   Thumb Code   278  main.o(i.danceAnimLead_Hand)
    danceAnimSupport_Hand                    0x08008ea9   Thumb Code   256  main.o(i.danceAnimSupport_Hand)
    fabs                                     0x08008fc9   Thumb Code    32  fabs.o(i.fabs)
    getMaxAngle                              0x08008fe9   Thumb Code   172  main.o(i.getMaxAngle)
    getNextStepAll                           0x08009095   Thumb Code   188  legcontrol.o(i.getNextStepAll)
    getSensorInfo                            0x08009151   Thumb Code   188  main.o(i.getSensorInfo)
    greatingStateLead                        0x0800924d   Thumb Code   186  main.o(i.greatingStateLead)
    greatingStateSupport                     0x08009321   Thumb Code   190  main.o(i.greatingStateSupport)
    hold10Anim1Lead_Hand                     0x080093f1   Thumb Code   162  main.o(i.hold10Anim1Lead_Hand)
    hold10Anim1Lead_Leg                      0x080094a1   Thumb Code   154  main.o(i.hold10Anim1Lead_Leg)
    hold10Anim1Support_Hand                  0x08009545   Thumb Code   162  main.o(i.hold10Anim1Support_Hand)
    hold10Anim1Support_Leg                   0x080095f5   Thumb Code   158  main.o(i.hold10Anim1Support_Leg)
    hold10Anim2Lead_Hand                     0x0800969d   Thumb Code   162  main.o(i.hold10Anim2Lead_Hand)
    hold10Anim2Support_Hand                  0x08009749   Thumb Code   162  main.o(i.hold10Anim2Support_Hand)
    hold10Anim3Lead_Hand                     0x080097f5   Thumb Code   166  main.o(i.hold10Anim3Lead_Hand)
    hold3Anim1Lead                           0x080098a9   Thumb Code   154  main.o(i.hold3Anim1Lead)
    hold3Anim1Support                        0x0800994d   Thumb Code   154  main.o(i.hold3Anim1Support)
    hold3Anim3Lead                           0x080099f1   Thumb Code   158  main.o(i.hold3Anim3Lead)
    hold3Anim3Support                        0x08009a9d   Thumb Code   158  main.o(i.hold3Anim3Support)
    main                                     0x08009b49   Thumb Code   374  main.o(i.main)
    osDelay                                  0x08009d09   Thumb Code    26  cmsis_os2.o(i.osDelay)
    osEventFlagsNew                          0x08009d23   Thumb Code    44  cmsis_os2.o(i.osEventFlagsNew)
    osKernelInitialize                       0x08009d51   Thumb Code    32  cmsis_os2.o(i.osKernelInitialize)
    osKernelStart                            0x08009d75   Thumb Code    46  cmsis_os2.o(i.osKernelStart)
    osMessageQueueNew                        0x08009dad   Thumb Code    88  cmsis_os2.o(i.osMessageQueueNew)
    osMutexAcquire                           0x08009e05   Thumb Code    82  cmsis_os2.o(i.osMutexAcquire)
    osMutexNew                               0x08009e57   Thumb Code   102  cmsis_os2.o(i.osMutexNew)
    osMutexRelease                           0x08009ebd   Thumb Code    66  cmsis_os2.o(i.osMutexRelease)
    osThreadNew                              0x08009eff   Thumb Code   136  cmsis_os2.o(i.osThreadNew)
    pvPortMalloc                             0x0800a72d   Thumb Code   216  heap_4.o(i.pvPortMalloc)
    pvTaskIncrementMutexHeldCount            0x0800a809   Thumb Code    18  tasks.o(i.pvTaskIncrementMutexHeldCount)
    pxPortInitialiseStack                    0x0800a821   Thumb Code    40  port.o(i.pxPortInitialiseStack)
    runAnimLead_Hand                         0x0800a84d   Thumb Code   162  main.o(i.runAnimLead_Hand)
    runAnimSupport_Hand                      0x0800a8fd   Thumb Code   162  main.o(i.runAnimSupport_Hand)
    saveNewDefoultAngle                      0x0800a9ad   Thumb Code    12  legcontrol.o(i.saveNewDefoultAngle)
    setAngle                                 0x0800a9b9   Thumb Code    78  legcontrol.o(i.setAngle)
    setServoAngle                            0x0800aa0d   Thumb Code   176  main.o(i.setServoAngle)
    spinAnimLead_Hand                        0x0800aac5   Thumb Code   158  main.o(i.spinAnimLead_Hand)
    spinAnimSupport_Hand                     0x0800ab75   Thumb Code   158  main.o(i.spinAnimSupport_Hand)
    targetPositionCheck                      0x0800ac25   Thumb Code    94  legcontrol.o(i.targetPositionCheck)
    uxListRemove                             0x0800ac83   Thumb Code    38  list.o(i.uxListRemove)
    vApplicationGetIdleTaskMemory            0x0800aca9   Thumb Code    16  cmsis_os2.o(i.vApplicationGetIdleTaskMemory)
    vApplicationGetTimerTaskMemory           0x0800acbd   Thumb Code    18  cmsis_os2.o(i.vApplicationGetTimerTaskMemory)
    vListInitialise                          0x0800acd5   Thumb Code    22  list.o(i.vListInitialise)
    vListInitialiseItem                      0x0800aceb   Thumb Code     6  list.o(i.vListInitialiseItem)
    vListInsert                              0x0800acf1   Thumb Code    48  list.o(i.vListInsert)
    vListInsertEnd                           0x0800ad21   Thumb Code    24  list.o(i.vListInsertEnd)
    vPortEnterCritical                       0x0800ad39   Thumb Code    54  port.o(i.vPortEnterCritical)
    vPortExitCritical                        0x0800ad79   Thumb Code    34  port.o(i.vPortExitCritical)
    vPortFree                                0x0800ada1   Thumb Code    94  heap_4.o(i.vPortFree)
    vPortSetupTimerInterrupt                 0x0800ae05   Thumb Code    32  port.o(i.vPortSetupTimerInterrupt)
    vPortValidateInterruptPriority           0x0800ae29   Thumb Code    76  port.o(i.vPortValidateInterruptPriority)
    vQueueAddToRegistry                      0x0800ae7d   Thumb Code    34  queue.o(i.vQueueAddToRegistry)
    vQueueWaitForMessageRestricted           0x0800aea5   Thumb Code    70  queue.o(i.vQueueWaitForMessageRestricted)
    vTaskDelay                               0x0800aeed   Thumb Code    66  tasks.o(i.vTaskDelay)
    vTaskInternalSetTimeOutState             0x0800af39   Thumb Code    12  tasks.o(i.vTaskInternalSetTimeOutState)
    vTaskMissedYield                         0x0800af49   Thumb Code     8  tasks.o(i.vTaskMissedYield)
    vTaskPlaceOnEventList                    0x0800af55   Thumb Code    44  tasks.o(i.vTaskPlaceOnEventList)
    vTaskPlaceOnEventListRestricted          0x0800af85   Thumb Code    52  tasks.o(i.vTaskPlaceOnEventListRestricted)
    vTaskPriorityDisinheritAfterTimeout      0x0800afbd   Thumb Code   134  tasks.o(i.vTaskPriorityDisinheritAfterTimeout)
    vTaskStartScheduler                      0x0800b04d   Thumb Code   118  tasks.o(i.vTaskStartScheduler)
    vTaskSuspendAll                          0x0800b0d5   Thumb Code    10  tasks.o(i.vTaskSuspendAll)
    vTaskSwitchContext                       0x0800b0e5   Thumb Code    90  tasks.o(i.vTaskSwitchContext)
    xEventGroupCreate                        0x0800b187   Thumb Code    28  event_groups.o(i.xEventGroupCreate)
    xEventGroupCreateStatic                  0x0800b1a3   Thumb Code    44  event_groups.o(i.xEventGroupCreateStatic)
    xPortStartScheduler                      0x0800b1d1   Thumb Code   226  port.o(i.xPortStartScheduler)
    xPortSysTickHandler                      0x0800b2c9   Thumb Code    38  port.o(i.xPortSysTickHandler)
    xQueueCreateMutex                        0x0800b2f5   Thumb Code    22  queue.o(i.xQueueCreateMutex)
    xQueueCreateMutexStatic                  0x0800b30b   Thumb Code    26  queue.o(i.xQueueCreateMutexStatic)
    xQueueGenericCreate                      0x0800b325   Thumb Code    66  queue.o(i.xQueueGenericCreate)
    xQueueGenericCreateStatic                0x0800b367   Thumb Code   102  queue.o(i.xQueueGenericCreateStatic)
    xQueueGenericReset                       0x0800b3cd   Thumb Code   132  queue.o(i.xQueueGenericReset)
    xQueueGenericSend                        0x0800b455   Thumb Code   346  queue.o(i.xQueueGenericSend)
    xQueueGenericSendFromISR                 0x0800b5b5   Thumb Code   190  queue.o(i.xQueueGenericSendFromISR)
    xQueueGiveMutexRecursive                 0x0800b673   Thumb Code    62  queue.o(i.xQueueGiveMutexRecursive)
    xQueueReceive                            0x0800b6b1   Thumb Code   308  queue.o(i.xQueueReceive)
    xQueueSemaphoreTake                      0x0800b7e9   Thumb Code   372  queue.o(i.xQueueSemaphoreTake)
    xQueueTakeMutexRecursive                 0x0800b961   Thumb Code    64  queue.o(i.xQueueTakeMutexRecursive)
    xTaskCheckForTimeOut                     0x0800b9a1   Thumb Code   112  tasks.o(i.xTaskCheckForTimeOut)
    xTaskCreate                              0x0800ba15   Thumb Code    90  tasks.o(i.xTaskCreate)
    xTaskCreateStatic                        0x0800ba6f   Thumb Code    86  tasks.o(i.xTaskCreateStatic)
    xTaskGetCurrentTaskHandle                0x0800bac5   Thumb Code     6  tasks.o(i.xTaskGetCurrentTaskHandle)
    xTaskGetSchedulerState                   0x0800bad1   Thumb Code    22  tasks.o(i.xTaskGetSchedulerState)
    xTaskGetTickCount                        0x0800baed   Thumb Code     6  tasks.o(i.xTaskGetTickCount)
    xTaskIncrementTick                       0x0800baf9   Thumb Code   192  tasks.o(i.xTaskIncrementTick)
    xTaskPriorityDisinherit                  0x0800bbc1   Thumb Code   118  tasks.o(i.xTaskPriorityDisinherit)
    xTaskPriorityInherit                     0x0800bc41   Thumb Code   112  tasks.o(i.xTaskPriorityInherit)
    xTaskRemoveFromEventList                 0x0800bcb9   Thumb Code    98  tasks.o(i.xTaskRemoveFromEventList)
    xTaskResumeAll                           0x0800bd29   Thumb Code   182  tasks.o(i.xTaskResumeAll)
    xTimerCreateTimerTask                    0x0800bded   Thumb Code    78  timers.o(i.xTimerCreateTimerTask)
    xTimerGenericCommand                     0x0800be4d   Thumb Code    98  timers.o(i.xTimerGenericCommand)
    _get_lc_numeric                          0x0800beb5   Thumb Code    44  lc_numeric_c.o(locale$$code)
    _get_lc_ctype                            0x0800bee1   Thumb Code    44  lc_ctype_c.o(locale$$code)
    __aeabi_dneg                             0x0800bf0d   Thumb Code     0  basic.o(x$fpl$basic)
    _dneg                                    0x0800bf0d   Thumb Code     6  basic.o(x$fpl$basic)
    __aeabi_fneg                             0x0800bf13   Thumb Code     0  basic.o(x$fpl$basic)
    _fneg                                    0x0800bf13   Thumb Code     6  basic.o(x$fpl$basic)
    _dabs                                    0x0800bf19   Thumb Code     6  basic.o(x$fpl$basic)
    _fabs                                    0x0800bf1f   Thumb Code     6  basic.o(x$fpl$basic)
    __aeabi_d2f                              0x0800bf25   Thumb Code     0  d2f.o(x$fpl$d2f)
    _d2f                                     0x0800bf25   Thumb Code    98  d2f.o(x$fpl$d2f)
    __aeabi_dadd                             0x0800bf89   Thumb Code     0  daddsub_clz.o(x$fpl$dadd)
    _dadd                                    0x0800bf89   Thumb Code   332  daddsub_clz.o(x$fpl$dadd)
    __fpl_dcmp_Inf                           0x0800c0d9   Thumb Code    24  dcmpi.o(x$fpl$dcmpinf)
    __aeabi_ddiv                             0x0800c0f1   Thumb Code     0  ddiv.o(x$fpl$ddiv)
    _ddiv                                    0x0800c0f1   Thumb Code   552  ddiv.o(x$fpl$ddiv)
    __aeabi_cdcmpeq                          0x0800c3a1   Thumb Code     0  deqf.o(x$fpl$deqf)
    _dcmpeq                                  0x0800c3a1   Thumb Code   120  deqf.o(x$fpl$deqf)
    __aeabi_d2iz                             0x0800c419   Thumb Code     0  dfix.o(x$fpl$dfix)
    _dfix                                    0x0800c419   Thumb Code    94  dfix.o(x$fpl$dfix)
    __aeabi_d2uiz                            0x0800c479   Thumb Code     0  dfixu.o(x$fpl$dfixu)
    _dfixu                                   0x0800c479   Thumb Code    90  dfixu.o(x$fpl$dfixu)
    __aeabi_i2d                              0x0800c4d3   Thumb Code     0  dflt_clz.o(x$fpl$dflt)
    _dflt                                    0x0800c4d3   Thumb Code    46  dflt_clz.o(x$fpl$dflt)
    __aeabi_ui2d                             0x0800c501   Thumb Code     0  dflt_clz.o(x$fpl$dfltu)
    _dfltu                                   0x0800c501   Thumb Code    38  dflt_clz.o(x$fpl$dfltu)
    __aeabi_cdcmple                          0x0800c529   Thumb Code     0  dleqf.o(x$fpl$dleqf)
    _dcmple                                  0x0800c529   Thumb Code   120  dleqf.o(x$fpl$dleqf)
    __fpl_dcmple_InfNaN                      0x0800c58b   Thumb Code     0  dleqf.o(x$fpl$dleqf)
    __aeabi_dmul                             0x0800c5a1   Thumb Code     0  dmul.o(x$fpl$dmul)
    _dmul                                    0x0800c5a1   Thumb Code   332  dmul.o(x$fpl$dmul)
    __fpl_dnaninf                            0x0800c6f5   Thumb Code   156  dnaninf.o(x$fpl$dnaninf)
    __fpl_dretinf                            0x0800c791   Thumb Code    12  dretinf.o(x$fpl$dretinf)
    __aeabi_cdrcmple                         0x0800c79d   Thumb Code     0  drleqf.o(x$fpl$drleqf)
    _drcmple                                 0x0800c79d   Thumb Code   108  drleqf.o(x$fpl$drleqf)
    _drnd                                    0x0800c809   Thumb Code   180  drnd.o(x$fpl$drnd)
    __aeabi_drsub                            0x0800c8bd   Thumb Code     0  daddsub_clz.o(x$fpl$drsb)
    _drsb                                    0x0800c8bd   Thumb Code    22  daddsub_clz.o(x$fpl$drsb)
    _dsqrt                                   0x0800c8d5   Thumb Code   404  dsqrt_umaal.o(x$fpl$dsqrt)
    __aeabi_dsub                             0x0800ca6d   Thumb Code     0  daddsub_clz.o(x$fpl$dsub)
    _dsub                                    0x0800ca6d   Thumb Code   464  daddsub_clz.o(x$fpl$dsub)
    __aeabi_f2d                              0x0800cc41   Thumb Code     0  f2d.o(x$fpl$f2d)
    _f2d                                     0x0800cc41   Thumb Code    86  f2d.o(x$fpl$f2d)
    __fpl_fnaninf                            0x0800cc97   Thumb Code   140  fnaninf.o(x$fpl$fnaninf)
    _fp_init                                 0x0800cd23   Thumb Code    10  fpinit.o(x$fpl$fpinit)
    __fplib_config_fpu_vfp                   0x0800cd2b   Thumb Code     0  fpinit.o(x$fpl$fpinit)
    __fplib_config_pureend_doubles           0x0800cd2b   Thumb Code     0  fpinit.o(x$fpl$fpinit)
    __fpl_fretinf                            0x0800cd2d   Thumb Code    10  fretinf.o(x$fpl$fretinf)
    _printf_fp_dec                           0x0800cd37   Thumb Code     4  printf1.o(x$fpl$printf1)
    __I$use$fp                               0x0800cd3a   Number         0  usenofp.o(x$fpl$usenofp)
    defaultTask_attributes                   0x0800cd3c   Data          36  main.o(.constdata)
    MPU5060ReadTask_attributes               0x0800cd60   Data          36  main.o(.constdata)
    ServoControlTas_attributes               0x0800cd84   Data          36  main.o(.constdata)
    UARTTask_attributes                      0x0800cda8   Data          36  main.o(.constdata)
    HandServoContro_attributes               0x0800cdcc   Data          36  main.o(.constdata)
    MotorControlTas_attributes               0x0800cdf0   Data          36  main.o(.constdata)
    txDataUART1_attributes                   0x0800ce14   Data          24  main.o(.constdata)
    rxDataUART1_attributes                   0x0800ce2c   Data          24  main.o(.constdata)
    MPU6050Mutex_attributes                  0x0800ce44   Data          16  main.o(.constdata)
    UARTDataMutex_attributes                 0x0800ce54   Data          16  main.o(.constdata)
    myEvent01_attributes                     0x0800ce64   Data          16  main.o(.constdata)
    AHBPrescTable                            0x0800ce84   Data          16  system_stm32f4xx.o(.constdata)
    APBPrescTable                            0x0800ce94   Data           8  system_stm32f4xx.o(.constdata)
    __mathlib_zero                           0x0800cf38   Data           8  qnan.o(.constdata)
    Region$$Table$$Base                      0x0800d068   Number         0  anon$$obj.o(Region$$Table)
    Region$$Table$$Limit                     0x0800d088   Number         0  anon$$obj.o(Region$$Table)
    __ctype                                  0x0800d0b1   Data           0  lc_ctype_c.o(locale$$data)
    isFirstCaptured                          0x20000000   Data           1  main.o(.data)
    HTU21D_Temp_Cmd                          0x20000001   Data           1  main.o(.data)
    flag_send                                0x20000002   Data           1  main.o(.data)
    queue_message                            0x20000003   Data           1  main.o(.data)
    rx_buffer                                0x20000004   Data           1  main.o(.data)
    error_counter                            0x20000005   Data           1  main.o(.data)
    rx_counter                               0x20000006   Data           1  main.o(.data)
    size_message                             0x20000007   Data           1  main.o(.data)
    HTU21D_RX_Data                           0x20000008   Data           3  main.o(.data)
    state                                    0x2000000c   Data           4  main.o(.data)
    reedModule                               0x20000010   Data           4  main.o(.data)
    lightSensor                              0x20000014   Data           4  main.o(.data)
    dist                                     0x20000018   Data           4  main.o(.data)
    icValue1                                 0x2000001c   Data           4  main.o(.data)
    icValue2                                 0x20000020   Data           4  main.o(.data)
    distance                                 0x20000024   Data           4  main.o(.data)
    angleAlpha                               0x20000028   Data           4  main.o(.data)
    turnLeft                                 0x2000002c   Data           4  main.o(.data)
    turnRight                                0x20000030   Data           4  main.o(.data)
    hold3mod                                 0x20000034   Data           4  main.o(.data)
    hold10mod                                0x20000038   Data           4  main.o(.data)
    clenchLeft                               0x2000003c   Data           4  main.o(.data)
    clenchRight                              0x20000040   Data           4  main.o(.data)
    headDir                                  0x20000044   Data           4  main.o(.data)
    degree90State                            0x20000048   Data           4  main.o(.data)
    main_mode                                0x2000004c   Data           4  main.o(.data)
    defaultTaskHandle                        0x20000050   Data           4  main.o(.data)
    MPU5060ReadTaskHandle                    0x20000054   Data           4  main.o(.data)
    ServoControlTasHandle                    0x20000058   Data           4  main.o(.data)
    UARTTaskHandle                           0x2000005c   Data           4  main.o(.data)
    HandServoControHandle                    0x20000060   Data           4  main.o(.data)
    MotorControlTasHandle                    0x20000064   Data           4  main.o(.data)
    txDataUART1Handle                        0x20000068   Data           4  main.o(.data)
    rxDataUART1Handle                        0x2000006c   Data           4  main.o(.data)
    MPU6050MutexHandle                       0x20000070   Data           4  main.o(.data)
    UARTDataMutexHandle                      0x20000074   Data           4  main.o(.data)
    myEvent01Handle                          0x20000078   Data           4  main.o(.data)
    dht_data                                 0x2000007c   Data           8  main.o(.data)
    pca9685_leg                              0x20000084   Data           8  main.o(.data)
    pca9685_hand                             0x2000008c   Data           8  main.o(.data)
    error_message                            0x200000a8   Data          23  main.o(.data)
    motor1                                   0x200000c0   Data          24  main.o(.data)
    motor2                                   0x200000d8   Data          24  main.o(.data)
    motor_hand1                              0x200000f0   Data          24  main.o(.data)
    motor_hand2                              0x20000108   Data          24  main.o(.data)
    leftLeg                                  0x20000120   Data         176  main.o(.data)
    rightLeg                                 0x200001d0   Data         176  main.o(.data)
    leftHand                                 0x20000280   Data         176  main.o(.data)
    rightHand                                0x20000330   Data         176  main.o(.data)
    timer                                    0x200003e0   Data           4  mpu6050.o(.data)
    uwTickFreq                               0x200003e4   Data           1  stm32f4xx_hal.o(.data)
    uwTickPrio                               0x200003e8   Data           4  stm32f4xx_hal.o(.data)
    uwTick                                   0x200003ec   Data           4  stm32f4xx_hal.o(.data)
    SystemCoreClock                          0x200003f0   Data           4  system_stm32f4xx.o(.data)
    pxCurrentTCB                             0x200003f4   Data           4  tasks.o(.data)
    msg                                      0x20000478   Data          40  main.o(.bss)
    tx_buffer                                0x200004a0   Data         100  main.o(.bss)
    hadc1                                    0x20000504   Data          72  main.o(.bss)
    hi2c1                                    0x2000054c   Data          84  main.o(.bss)
    hi2c2                                    0x200005a0   Data          84  main.o(.bss)
    hi2c3                                    0x200005f4   Data          84  main.o(.bss)
    htim1                                    0x20000648   Data          72  main.o(.bss)
    htim2                                    0x20000690   Data          72  main.o(.bss)
    htim3                                    0x200006d8   Data          72  main.o(.bss)
    huart1                                   0x20000720   Data          68  main.o(.bss)
    LeftLegGyroData                          0x20000768   Data         200  main.o(.bss)
    RightLegGyroData                         0x20000830   Data         200  main.o(.bss)
    BodyGyroData                             0x200008f8   Data         200  main.o(.bss)
    servoAngleChange                         0x200009c0   Data         120  main.o(.bss)
    calibrationAngles                        0x20000a38   Data          80  main.o(.bss)
    hdma_usart1_rx                           0x20000a88   Data          96  main.o(.bss)
    hdma_usart1_tx                           0x20000ae8   Data          96  main.o(.bss)
    htim7                                    0x20000b48   Data          72  stm32f4xx_hal_timebase_tim.o(.bss)
    xQueueRegistry                           0x20000b90   Data          64  queue.o(.bss)
    __libspace_start                         0x20005464   Data          96  libspace.o(.bss)
    __temporary_stack_top$libspace           0x200054c4   Data           0  libspace.o(.bss)



==============================================================================

Memory Map of the image

  Image Entry point : 0x08000189

  Load Region LR_IROM1 (Base: 0x08000000, Size: 0x0000d62c, Max: 0x00100000, ABSOLUTE, COMPRESSED[0x0000d238])

    Execution Region ER_IROM1 (Base: 0x08000000, Size: 0x0000d1b4, Max: 0x00100000, ABSOLUTE)

    Base Addr    Size         Type   Attr      Idx    E Section Name        Object

    0x08000000   0x00000188   Data   RO            3    RESET               startup_stm32f407xx.o
    0x08000188   0x00000008   Code   RO         6138  * !!!main             c_w.l(__main.o)
    0x08000190   0x00000034   Code   RO         6516    !!!scatter          c_w.l(__scatter.o)
    0x080001c4   0x0000005a   Code   RO         6514    !!dczerorl2         c_w.l(__dczerorl2.o)
    0x0800021e   0x00000002   PAD
    0x08000220   0x0000001c   Code   RO         6518    !!handler_zi        c_w.l(__scatter_zi.o)
    0x0800023c   0x00000000   Code   RO         6116    .ARM.Collect$$_printf_percent$$00000000  c_w.l(_printf_percent.o)
    0x0800023c   0x00000006   Code   RO         6115    .ARM.Collect$$_printf_percent$$00000003  c_w.l(_printf_f.o)
    0x08000242   0x00000006   Code   RO         6114    .ARM.Collect$$_printf_percent$$00000009  c_w.l(_printf_d.o)
    0x08000248   0x00000004   Code   RO         6274    .ARM.Collect$$_printf_percent$$00000017  c_w.l(_printf_percent_end.o)
    0x0800024c   0x00000002   Code   RO         6390    .ARM.Collect$$libinit$$00000000  c_w.l(libinit.o)
    0x0800024e   0x00000004   Code   RO         6391    .ARM.Collect$$libinit$$00000001  c_w.l(libinit2.o)
    0x08000252   0x00000000   Code   RO         6395    .ARM.Collect$$libinit$$00000008  c_w.l(libinit2.o)
    0x08000252   0x00000000   Code   RO         6397    .ARM.Collect$$libinit$$0000000A  c_w.l(libinit2.o)
    0x08000252   0x00000000   Code   RO         6399    .ARM.Collect$$libinit$$0000000C  c_w.l(libinit2.o)
    0x08000252   0x00000006   Code   RO         6400    .ARM.Collect$$libinit$$0000000D  c_w.l(libinit2.o)
    0x08000258   0x00000000   Code   RO         6402    .ARM.Collect$$libinit$$0000000F  c_w.l(libinit2.o)
    0x08000258   0x0000000c   Code   RO         6403    .ARM.Collect$$libinit$$00000010  c_w.l(libinit2.o)
    0x08000264   0x00000000   Code   RO         6404    .ARM.Collect$$libinit$$00000011  c_w.l(libinit2.o)
    0x08000264   0x00000000   Code   RO         6406    .ARM.Collect$$libinit$$00000013  c_w.l(libinit2.o)
    0x08000264   0x0000000a   Code   RO         6407    .ARM.Collect$$libinit$$00000014  c_w.l(libinit2.o)
    0x0800026e   0x00000000   Code   RO         6408    .ARM.Collect$$libinit$$00000015  c_w.l(libinit2.o)
    0x0800026e   0x00000000   Code   RO         6410    .ARM.Collect$$libinit$$00000017  c_w.l(libinit2.o)
    0x0800026e   0x00000000   Code   RO         6412    .ARM.Collect$$libinit$$00000019  c_w.l(libinit2.o)
    0x0800026e   0x00000000   Code   RO         6414    .ARM.Collect$$libinit$$0000001B  c_w.l(libinit2.o)
    0x0800026e   0x00000000   Code   RO         6416    .ARM.Collect$$libinit$$0000001D  c_w.l(libinit2.o)
    0x0800026e   0x00000000   Code   RO         6418    .ARM.Collect$$libinit$$0000001F  c_w.l(libinit2.o)
    0x0800026e   0x00000000   Code   RO         6420    .ARM.Collect$$libinit$$00000021  c_w.l(libinit2.o)
    0x0800026e   0x00000000   Code   RO         6422    .ARM.Collect$$libinit$$00000023  c_w.l(libinit2.o)
    0x0800026e   0x00000000   Code   RO         6426    .ARM.Collect$$libinit$$0000002A  c_w.l(libinit2.o)
    0x0800026e   0x00000000   Code   RO         6428    .ARM.Collect$$libinit$$0000002C  c_w.l(libinit2.o)
    0x0800026e   0x00000000   Code   RO         6430    .ARM.Collect$$libinit$$0000002E  c_w.l(libinit2.o)
    0x0800026e   0x00000000   Code   RO         6432    .ARM.Collect$$libinit$$00000030  c_w.l(libinit2.o)
    0x0800026e   0x00000002   Code   RO         6433    .ARM.Collect$$libinit$$00000031  c_w.l(libinit2.o)
    0x08000270   0x00000002   Code   RO         6480    .ARM.Collect$$libshutdown$$00000000  c_w.l(libshutdown.o)
    0x08000272   0x00000000   Code   RO         6499    .ARM.Collect$$libshutdown$$00000003  c_w.l(libshutdown2.o)
    0x08000272   0x00000000   Code   RO         6502    .ARM.Collect$$libshutdown$$00000006  c_w.l(libshutdown2.o)
    0x08000272   0x00000000   Code   RO         6505    .ARM.Collect$$libshutdown$$00000009  c_w.l(libshutdown2.o)
    0x08000272   0x00000000   Code   RO         6507    .ARM.Collect$$libshutdown$$0000000B  c_w.l(libshutdown2.o)
    0x08000272   0x00000000   Code   RO         6510    .ARM.Collect$$libshutdown$$0000000E  c_w.l(libshutdown2.o)
    0x08000272   0x00000002   Code   RO         6511    .ARM.Collect$$libshutdown$$0000000F  c_w.l(libshutdown2.o)
    0x08000274   0x00000000   Code   RO         6254    .ARM.Collect$$rtentry$$00000000  c_w.l(rtentry.o)
    0x08000274   0x00000000   Code   RO         6307    .ARM.Collect$$rtentry$$00000002  c_w.l(rtentry2.o)
    0x08000274   0x00000006   Code   RO         6319    .ARM.Collect$$rtentry$$00000004  c_w.l(rtentry4.o)
    0x0800027a   0x00000000   Code   RO         6309    .ARM.Collect$$rtentry$$00000009  c_w.l(rtentry2.o)
    0x0800027a   0x00000004   Code   RO         6310    .ARM.Collect$$rtentry$$0000000A  c_w.l(rtentry2.o)
    0x0800027e   0x00000000   Code   RO         6312    .ARM.Collect$$rtentry$$0000000C  c_w.l(rtentry2.o)
    0x0800027e   0x00000008   Code   RO         6313    .ARM.Collect$$rtentry$$0000000D  c_w.l(rtentry2.o)
    0x08000286   0x00000002   Code   RO         6434    .ARM.Collect$$rtexit$$00000000  c_w.l(rtexit.o)
    0x08000288   0x00000000   Code   RO         6449    .ARM.Collect$$rtexit$$00000002  c_w.l(rtexit2.o)
    0x08000288   0x00000004   Code   RO         6450    .ARM.Collect$$rtexit$$00000003  c_w.l(rtexit2.o)
    0x0800028c   0x00000006   Code   RO         6451    .ARM.Collect$$rtexit$$00000004  c_w.l(rtexit2.o)
    0x08000292   0x00000002   PAD
    0x08000294   0x000000be   Code   RO         6005    .emb_text           port.o
    0x08000352   0x00000002   PAD
    0x08000354   0x00000040   Code   RO            4    .text               startup_stm32f407xx.o
    0x08000394   0x000000ee   Code   RO         6084    .text               c_w.l(lludivv7m.o)
    0x08000482   0x00000002   PAD
    0x08000484   0x00000028   Code   RO         6088    .text               c_w.l(noretval__2sprintf.o)
    0x080004ac   0x00000078   Code   RO         6092    .text               c_w.l(_printf_dec.o)
    0x08000524   0x0000010e   Code   RO         6102    .text               c_w.l(__printf_wp.o)
    0x08000632   0x0000001a   Code   RO         6117    .text               c_w.l(atoi.o)
    0x0800064c   0x0000000c   Code   RO         6119    .text               c_w.l(strtok.o)
    0x08000658   0x0000003e   Code   RO         6122    .text               c_w.l(strlen.o)
    0x08000696   0x0000008a   Code   RO         6124    .text               c_w.l(rt_memcpy_v6.o)
    0x08000720   0x00000064   Code   RO         6126    .text               c_w.l(rt_memcpy_w.o)
    0x08000784   0x00000010   Code   RO         6130    .text               c_w.l(aeabi_memset.o)
    0x08000794   0x0000004e   Code   RO         6132    .text               c_w.l(rt_memclr_w.o)
    0x080007e2   0x00000002   PAD
    0x080007e4   0x00000080   Code   RO         6134    .text               c_w.l(strcmpv7m.o)
    0x08000864   0x00000006   Code   RO         6136    .text               c_w.l(heapauxi.o)
    0x0800086a   0x00000002   PAD
    0x0800086c   0x00000008   Code   RO         6262    .text               c_w.l(rt_errno_addr_intlibspace.o)
    0x08000874   0x00000016   Code   RO         6264    .text               c_w.l(_rserrno.o)
    0x0800088a   0x000000b8   Code   RO         6266    .text               c_w.l(_printf_intcommon.o)
    0x08000942   0x00000420   Code   RO         6268    .text               c_w.l(_printf_fp_dec.o)
    0x08000d62   0x00000002   PAD
    0x08000d64   0x00000030   Code   RO         6270    .text               c_w.l(_printf_char_common.o)
    0x08000d94   0x0000000a   Code   RO         6272    .text               c_w.l(_sputc.o)
    0x08000d9e   0x00000070   Code   RO         6275    .text               c_w.l(strtol.o)
    0x08000e0e   0x00000002   PAD
    0x08000e10   0x00000044   Code   RO         6277    .text               c_w.l(strtok_int.o)
    0x08000e54   0x00000044   Code   RO         6279    .text               c_w.l(rt_memclr.o)
    0x08000e98   0x00000008   Code   RO         6303    .text               c_w.l(libspace.o)
    0x08000ea0   0x00000010   Code   RO         6321    .text               c_w.l(rt_ctype_table.o)
    0x08000eb0   0x00000008   Code   RO         6328    .text               c_w.l(rt_locale_intlibspace.o)
    0x08000eb8   0x0000008a   Code   RO         6330    .text               c_w.l(lludiv10.o)
    0x08000f42   0x00000002   PAD
    0x08000f44   0x00000080   Code   RO         6332    .text               c_w.l(_printf_fp_infnan.o)
    0x08000fc4   0x0000009e   Code   RO         6336    .text               c_w.l(_strtoul.o)
    0x08001062   0x00000002   PAD
    0x08001064   0x000000e4   Code   RO         6338    .text               c_w.l(bigflt0.o)
    0x08001148   0x00000020   Code   RO         6366    .text               c_w.l(strcspn.o)
    0x08001168   0x0000001c   Code   RO         6368    .text               c_w.l(strspn.o)
    0x08001184   0x0000004a   Code   RO         6372    .text               c_w.l(sys_stackheap_outer.o)
    0x080011ce   0x0000001c   Code   RO         6374    .text               c_w.l(_chval.o)
    0x080011ea   0x0000000c   Code   RO         6379    .text               c_w.l(exit.o)
    0x080011f6   0x00000002   PAD
    0x080011f8   0x0000000c   Code   RO         6446    .text               c_w.l(sys_exit.o)
    0x08001204   0x00000002   Code   RO         6467    .text               c_w.l(use_no_semi.o)
    0x08001206   0x00000000   Code   RO         6469    .text               c_w.l(indicate_semi.o)
    0x08001206   0x0000003e   Code   RO         6341    CL$$btod_d2e        c_w.l(btod.o)
    0x08001244   0x00000046   Code   RO         6343    CL$$btod_d2e_denorm_low  c_w.l(btod.o)
    0x0800128a   0x00000060   Code   RO         6342    CL$$btod_d2e_norm_op1  c_w.l(btod.o)
    0x080012ea   0x00000338   Code   RO         6351    CL$$btod_div_common  c_w.l(btod.o)
    0x08001622   0x000000c6   Code   RO         6348    CL$$btod_e2e        c_w.l(btod.o)
    0x080016e8   0x00000028   Code   RO         6345    CL$$btod_ediv       c_w.l(btod.o)
    0x08001710   0x00000028   Code   RO         6344    CL$$btod_emul       c_w.l(btod.o)
    0x08001738   0x00000244   Code   RO         6350    CL$$btod_mult_common  c_w.l(btod.o)
    0x0800197c   0x0000012c   Code   RO         1102    i.ADC_Init          stm32f4xx_hal_adc.o
    0x08001aa8   0x00000002   Code   RO          603    i.BusFault_Handler  stm32f4xx_it.o
    0x08001aaa   0x00000002   PAD
    0x08001aac   0x00000228   Code   RO          815    i.DHT_getData       dht.o
    0x08001cd4   0x0000000c   Code   RO          604    i.DMA2_Stream2_IRQHandler  stm32f4xx_it.o
    0x08001ce0   0x0000000c   Code   RO          605    i.DMA2_Stream7_IRQHandler  stm32f4xx_it.o
    0x08001cec   0x00000028   Code   RO         1836    i.DMA_CalcBaseAndBitshift  stm32f4xx_hal_dma.o
    0x08001d14   0x00000054   Code   RO         1837    i.DMA_CheckFifoParam  stm32f4xx_hal_dma.o
    0x08001d68   0x00000028   Code   RO         1838    i.DMA_SetConfig     stm32f4xx_hal_dma.o
    0x08001d90   0x00000002   Code   RO          606    i.DebugMon_Handler  stm32f4xx_it.o
    0x08001d92   0x00000004   Code   RO           13    i.Error_Handler     main.o
    0x08001d96   0x00000002   PAD
    0x08001d98   0x0000014c   Code   RO         1104    i.HAL_ADC_ConfigChannel  stm32f4xx_hal_adc.o
    0x08001ee4   0x00000006   Code   RO         1111    i.HAL_ADC_GetValue  stm32f4xx_hal_adc.o
    0x08001eea   0x00000054   Code   RO         1113    i.HAL_ADC_Init      stm32f4xx_hal_adc.o
    0x08001f3e   0x00000002   PAD
    0x08001f40   0x00000060   Code   RO          698    i.HAL_ADC_MspInit   stm32f4xx_hal_msp.o
    0x08001fa0   0x000000aa   Code   RO         1117    i.HAL_ADC_PollForConversion  stm32f4xx_hal_adc.o
    0x0800204a   0x00000002   PAD
    0x0800204c   0x00000100   Code   RO         1119    i.HAL_ADC_Start     stm32f4xx_hal_adc.o
    0x0800214c   0x0000003c   Code   RO         1122    i.HAL_ADC_Stop      stm32f4xx_hal_adc.o
    0x08002188   0x0000008e   Code   RO         1839    i.HAL_DMA_Abort     stm32f4xx_hal_dma.o
    0x08002216   0x00000024   Code   RO         1840    i.HAL_DMA_Abort_IT  stm32f4xx_hal_dma.o
    0x0800223a   0x00000002   PAD
    0x0800223c   0x000001a8   Code   RO         1844    i.HAL_DMA_IRQHandler  stm32f4xx_hal_dma.o
    0x080023e4   0x000000d4   Code   RO         1845    i.HAL_DMA_Init      stm32f4xx_hal_dma.o
    0x080024b8   0x0000006e   Code   RO         1849    i.HAL_DMA_Start_IT  stm32f4xx_hal_dma.o
    0x08002526   0x00000002   PAD
    0x08002528   0x00000024   Code   RO         2258    i.HAL_Delay         stm32f4xx_hal.o
    0x0800254c   0x00000164   Code   RO         1729    i.HAL_GPIO_DeInit   stm32f4xx_hal_gpio.o
    0x080026b0   0x000001f0   Code   RO         1732    i.HAL_GPIO_Init     stm32f4xx_hal_gpio.o
    0x080028a0   0x0000000a   Code   RO         1734    i.HAL_GPIO_ReadPin  stm32f4xx_hal_gpio.o
    0x080028aa   0x0000000a   Code   RO         1736    i.HAL_GPIO_WritePin  stm32f4xx_hal_gpio.o
    0x080028b4   0x0000000c   Code   RO         2264    i.HAL_GetTick       stm32f4xx_hal.o
    0x080028c0   0x00000030   Code   RO         2511    i.HAL_I2C_DeInit    stm32f4xx_hal_i2c.o
    0x080028f0   0x0000017c   Code   RO         2520    i.HAL_I2C_Init      stm32f4xx_hal_i2c.o
    0x08002a6c   0x00000134   Code   RO         2533    i.HAL_I2C_Master_Transmit  stm32f4xx_hal_i2c.o
    0x08002ba0   0x000001fc   Code   RO         2538    i.HAL_I2C_Mem_Read  stm32f4xx_hal_i2c.o
    0x08002d9c   0x00000138   Code   RO         2541    i.HAL_I2C_Mem_Write  stm32f4xx_hal_i2c.o
    0x08002ed4   0x00000088   Code   RO          699    i.HAL_I2C_MspDeInit  stm32f4xx_hal_msp.o
    0x08002f5c   0x00000114   Code   RO          700    i.HAL_I2C_MspInit   stm32f4xx_hal_msp.o
    0x08003070   0x00000010   Code   RO         2270    i.HAL_IncTick       stm32f4xx_hal.o
    0x08003080   0x00000034   Code   RO         2271    i.HAL_Init          stm32f4xx_hal.o
    0x080030b4   0x00000098   Code   RO          776    i.HAL_InitTick      stm32f4xx_hal_timebase_tim.o
    0x0800314c   0x00000038   Code   RO          701    i.HAL_MspInit       stm32f4xx_hal_msp.o
    0x08003184   0x0000001c   Code   RO         2121    i.HAL_NVIC_EnableIRQ  stm32f4xx_hal_cortex.o
    0x080031a0   0x00000040   Code   RO         2127    i.HAL_NVIC_SetPriority  stm32f4xx_hal_cortex.o
    0x080031e0   0x00000024   Code   RO         2128    i.HAL_NVIC_SetPriorityGrouping  stm32f4xx_hal_cortex.o
    0x08003204   0x00000134   Code   RO         1378    i.HAL_RCC_ClockConfig  stm32f4xx_hal_rcc.o
    0x08003338   0x00000040   Code   RO         1382    i.HAL_RCC_GetClockConfig  stm32f4xx_hal_rcc.o
    0x08003378   0x00000020   Code   RO         1385    i.HAL_RCC_GetPCLK1Freq  stm32f4xx_hal_rcc.o
    0x08003398   0x00000020   Code   RO         1386    i.HAL_RCC_GetPCLK2Freq  stm32f4xx_hal_rcc.o
    0x080033b8   0x00000064   Code   RO         1387    i.HAL_RCC_GetSysClockFreq  stm32f4xx_hal_rcc.o
    0x0800341c   0x0000036c   Code   RO         1390    i.HAL_RCC_OscConfig  stm32f4xx_hal_rcc.o
    0x08003788   0x00000002   Code   RO         3665    i.HAL_TIMEx_BreakCallback  stm32f4xx_hal_tim_ex.o
    0x0800378a   0x00000002   Code   RO         3666    i.HAL_TIMEx_CommutCallback  stm32f4xx_hal_tim_ex.o
    0x0800378c   0x00000054   Code   RO         3668    i.HAL_TIMEx_ConfigBreakDeadTime  stm32f4xx_hal_tim_ex.o
    0x080037e0   0x00000090   Code   RO         3684    i.HAL_TIMEx_MasterConfigSynchronization  stm32f4xx_hal_tim_ex.o
    0x08003870   0x00000048   Code   RO         2961    i.HAL_TIM_Base_Init  stm32f4xx_hal_tim.o
    0x080038b8   0x000000b8   Code   RO          703    i.HAL_TIM_Base_MspInit  stm32f4xx_hal_msp.o
    0x08003970   0x00000080   Code   RO         2966    i.HAL_TIM_Base_Start_IT  stm32f4xx_hal_tim.o
    0x080039f0   0x000000da   Code   RO         2970    i.HAL_TIM_ConfigClockSource  stm32f4xx_hal_tim.o
    0x08003aca   0x00000002   PAD
    0x08003acc   0x00000098   Code   RO           14    i.HAL_TIM_IC_CaptureCallback  main.o
    0x08003b64   0x0000011e   Code   RO         2997    i.HAL_TIM_IC_ConfigChannel  stm32f4xx_hal_tim.o
    0x08003c82   0x00000048   Code   RO         3000    i.HAL_TIM_IC_Init   stm32f4xx_hal_tim.o
    0x08003cca   0x00000002   Code   RO         3002    i.HAL_TIM_IC_MspInit  stm32f4xx_hal_tim.o
    0x08003ccc   0x0000010c   Code   RO         3005    i.HAL_TIM_IC_Start_IT  stm32f4xx_hal_tim.o
    0x08003dd8   0x00000166   Code   RO         3009    i.HAL_TIM_IRQHandler  stm32f4xx_hal_tim.o
    0x08003f3e   0x00000002   PAD
    0x08003f40   0x00000054   Code   RO          704    i.HAL_TIM_MspPostInit  stm32f4xx_hal_msp.o
    0x08003f94   0x00000002   Code   RO         3012    i.HAL_TIM_OC_DelayElapsedCallback  stm32f4xx_hal_tim.o
    0x08003f96   0x000000cc   Code   RO         3033    i.HAL_TIM_PWM_ConfigChannel  stm32f4xx_hal_tim.o
    0x08004062   0x00000048   Code   RO         3036    i.HAL_TIM_PWM_Init  stm32f4xx_hal_tim.o
    0x080040aa   0x00000002   Code   RO         3038    i.HAL_TIM_PWM_MspInit  stm32f4xx_hal_tim.o
    0x080040ac   0x00000002   Code   RO         3039    i.HAL_TIM_PWM_PulseFinishedCallback  stm32f4xx_hal_tim.o
    0x080040ae   0x00000002   PAD
    0x080040b0   0x000000c8   Code   RO         3041    i.HAL_TIM_PWM_Start  stm32f4xx_hal_tim.o
    0x08004178   0x00000014   Code   RO           15    i.HAL_TIM_PeriodElapsedCallback  main.o
    0x0800418c   0x0000002a   Code   RO         3049    i.HAL_TIM_ReadCapturedValue  stm32f4xx_hal_tim.o
    0x080041b6   0x00000002   Code   RO         3052    i.HAL_TIM_TriggerCallback  stm32f4xx_hal_tim.o
    0x080041b8   0x00000002   Code   RO         3943    i.HAL_UARTEx_RxEventCallback  stm32f4xx_hal_uart.o
    0x080041ba   0x00000002   Code   RO         3957    i.HAL_UART_ErrorCallback  stm32f4xx_hal_uart.o
    0x080041bc   0x00000268   Code   RO         3960    i.HAL_UART_IRQHandler  stm32f4xx_hal_uart.o
    0x08004424   0x00000062   Code   RO         3961    i.HAL_UART_Init     stm32f4xx_hal_uart.o
    0x08004486   0x00000002   PAD
    0x08004488   0x000000f0   Code   RO          706    i.HAL_UART_MspInit  stm32f4xx_hal_msp.o
    0x08004578   0x0000002a   Code   RO         3966    i.HAL_UART_Receive_IT  stm32f4xx_hal_uart.o
    0x080045a2   0x00000002   PAD
    0x080045a4   0x00000084   Code   RO           16    i.HAL_UART_RxCpltCallback  main.o
    0x08004628   0x0000008c   Code   RO         3970    i.HAL_UART_Transmit_DMA  stm32f4xx_hal_uart.o
    0x080046b4   0x00000002   Code   RO         3972    i.HAL_UART_TxCpltCallback  stm32f4xx_hal_uart.o
    0x080046b6   0x00000002   Code   RO         3973    i.HAL_UART_TxHalfCpltCallback  stm32f4xx_hal_uart.o
    0x080046b8   0x00000028   Code   RO           17    i.HCSR04_Trigger    main.o
    0x080046e0   0x00000002   Code   RO          607    i.HardFault_Handler  stm32f4xx_it.o
    0x080046e2   0x0000010c   Code   RO           18    i.I2C_ClearBusyFlagErratum  main.o
    0x080047ee   0x0000002e   Code   RO         2562    i.I2C_IsAcknowledgeFailed  stm32f4xx_hal_i2c.o
    0x0800481c   0x0000009c   Code   RO         2566    i.I2C_MasterRequestWrite  stm32f4xx_hal_i2c.o
    0x080048b8   0x000000fc   Code   RO         2572    i.I2C_RequestMemoryRead  stm32f4xx_hal_i2c.o
    0x080049b4   0x000000a8   Code   RO         2573    i.I2C_RequestMemoryWrite  stm32f4xx_hal_i2c.o
    0x08004a5c   0x0000004c   Code   RO         2577    i.I2C_WaitOnBTFFlagUntilTimeout  stm32f4xx_hal_i2c.o
    0x08004aa8   0x00000068   Code   RO         2578    i.I2C_WaitOnFlagUntilTimeout  stm32f4xx_hal_i2c.o
    0x08004b10   0x00000096   Code   RO         2579    i.I2C_WaitOnMasterAddressFlagUntilTimeout  stm32f4xx_hal_i2c.o
    0x08004ba6   0x00000064   Code   RO         2580    i.I2C_WaitOnRXNEFlagUntilTimeout  stm32f4xx_hal_i2c.o
    0x08004c0a   0x0000004c   Code   RO         2581    i.I2C_WaitOnTXEFlagUntilTimeout  stm32f4xx_hal_i2c.o
    0x08004c56   0x00000002   PAD
    0x08004c58   0x0000020c   Code   RO          894    i.Kalman_getAngle   mpu6050.o
    0x08004e64   0x0000006a   Code   RO           19    i.L298N_move        main.o
    0x08004ece   0x0000003c   Code   RO           20    i.L298N_move_without_PWM  main.o
    0x08004f0a   0x0000009a   Code   RO          895    i.MPU6050_Init      mpu6050.o
    0x08004fa4   0x000002e0   Code   RO          897    i.MPU6050_Read_All  mpu6050.o
    0x08005284   0x00000060   Code   RO           21    i.MX_ADC1_Init      main.o
    0x080052e4   0x00000198   Code   RO           22    i.MX_GPIO_Init      main.o
    0x0800547c   0x000000c8   Code   RO           23    i.MX_TIM1_Init      main.o
    0x08005544   0x00000064   Code   RO           24    i.MX_TIM2_Init      main.o
    0x080055a8   0x00000094   Code   RO           25    i.MX_TIM3_Init      main.o
    0x0800563c   0x00000002   Code   RO          608    i.MemManage_Handler  stm32f4xx_it.o
    0x0800563e   0x00000002   Code   RO          609    i.NMI_Handler       stm32f4xx_it.o
    0x08005640   0x0000000e   Code   RO          954    i.PCA9685_AutoIncrement  pca9685.o
    0x0800564e   0x00000022   Code   RO          955    i.PCA9685_Init      pca9685.o
    0x08005670   0x00000054   Code   RO          956    i.PCA9685_ResetAllChannels  pca9685.o
    0x080056c4   0x0000000e   Code   RO          957    i.PCA9685_RestartMode  pca9685.o
    0x080056d2   0x0000006e   Code   RO          958    i.PCA9685_SetBit    pca9685.o
    0x08005740   0x00000040   Code   RO          959    i.PCA9685_SetPin    pca9685.o
    0x08005780   0x0000003c   Code   RO          960    i.PCA9685_SetPwm    pca9685.o
    0x080057bc   0x000000d0   Code   RO          961    i.PCA9685_SetPwmFrequency  pca9685.o
    0x0800588c   0x00000098   Code   RO          962    i.PCA9685_SetServoAngle  pca9685.o
    0x08005924   0x0000000e   Code   RO          963    i.PCA9685_SleepMode  pca9685.o
    0x08005932   0x0000001e   Code   RO          964    i.PCA9685_SoftwareReset  pca9685.o
    0x08005950   0x0000001c   Code   RO          966    i.PCA9685_WriteRegister  pca9685.o
    0x0800596c   0x00000008   Code   RO           26    i.StartDefaultTask  main.o
    0x08005974   0x00000e0c   Code   RO           27    i.StartHandServoControlTask  main.o
    0x08006780   0x000001f4   Code   RO           28    i.StartMPU5060ReadTask  main.o
    0x08006974   0x0000042e   Code   RO           29    i.StartMotorControlTask  main.o
    0x08006da2   0x00000002   PAD
    0x08006da4   0x000006d0   Code   RO           30    i.StartServoControlTask  main.o
    0x08007474   0x000005f0   Code   RO           31    i.StartUARTTask     main.o
    0x08007a64   0x0000001a   Code   RO         5437    i.SysTick_Handler   cmsis_os2.o
    0x08007a7e   0x00000002   PAD
    0x08007a80   0x00000094   Code   RO           32    i.SystemClock_Config  main.o
    0x08007b14   0x00000010   Code   RO         4290    i.SystemInit        system_stm32f4xx.o
    0x08007b24   0x0000000c   Code   RO          610    i.TIM2_IRQHandler   stm32f4xx_it.o
    0x08007b30   0x0000000c   Code   RO          611    i.TIM3_IRQHandler   stm32f4xx_it.o
    0x08007b3c   0x0000000c   Code   RO          612    i.TIM7_IRQHandler   stm32f4xx_it.o
    0x08007b48   0x000000c8   Code   RO         3054    i.TIM_Base_SetConfig  stm32f4xx_hal_tim.o
    0x08007c10   0x0000001a   Code   RO         3055    i.TIM_CCxChannelCmd  stm32f4xx_hal_tim.o
    0x08007c2a   0x00000014   Code   RO         3065    i.TIM_ETR_SetConfig  stm32f4xx_hal_tim.o
    0x08007c3e   0x00000010   Code   RO         3066    i.TIM_ITRx_SetConfig  stm32f4xx_hal_tim.o
    0x08007c4e   0x00000002   PAD
    0x08007c50   0x00000060   Code   RO         3067    i.TIM_OC1_SetConfig  stm32f4xx_hal_tim.o
    0x08007cb0   0x0000006c   Code   RO         3068    i.TIM_OC2_SetConfig  stm32f4xx_hal_tim.o
    0x08007d1c   0x00000068   Code   RO         3069    i.TIM_OC3_SetConfig  stm32f4xx_hal_tim.o
    0x08007d84   0x00000050   Code   RO         3070    i.TIM_OC4_SetConfig  stm32f4xx_hal_tim.o
    0x08007dd4   0x00000022   Code   RO         3072    i.TIM_TI1_ConfigInputStage  stm32f4xx_hal_tim.o
    0x08007df6   0x00000002   PAD
    0x08007df8   0x00000080   Code   RO         3073    i.TIM_TI1_SetConfig  stm32f4xx_hal_tim.o
    0x08007e78   0x00000024   Code   RO         3074    i.TIM_TI2_ConfigInputStage  stm32f4xx_hal_tim.o
    0x08007e9c   0x00000036   Code   RO         3075    i.TIM_TI2_SetConfig  stm32f4xx_hal_tim.o
    0x08007ed2   0x00000010   Code   RO         3974    i.UART_DMAAbortOnError  stm32f4xx_hal_uart.o
    0x08007ee2   0x0000004a   Code   RO         3975    i.UART_DMAError     stm32f4xx_hal_uart.o
    0x08007f2c   0x00000042   Code   RO         3980    i.UART_DMATransmitCplt  stm32f4xx_hal_uart.o
    0x08007f6e   0x0000000a   Code   RO         3982    i.UART_DMATxHalfCplt  stm32f4xx_hal_uart.o
    0x08007f78   0x0000004e   Code   RO         3984    i.UART_EndRxTransfer  stm32f4xx_hal_uart.o
    0x08007fc6   0x0000001c   Code   RO         3985    i.UART_EndTxTransfer  stm32f4xx_hal_uart.o
    0x08007fe2   0x000000c2   Code   RO         3986    i.UART_Receive_IT   stm32f4xx_hal_uart.o
    0x080080a4   0x000000dc   Code   RO         3987    i.UART_SetConfig    stm32f4xx_hal_uart.o
    0x08008180   0x0000003a   Code   RO         3989    i.UART_Start_Receive_IT  stm32f4xx_hal_uart.o
    0x080081ba   0x00000002   PAD
    0x080081bc   0x0000000c   Code   RO          613    i.USART1_IRQHandler  stm32f4xx_it.o
    0x080081c8   0x00000002   Code   RO          614    i.UsageFault_Handler  stm32f4xx_it.o
    0x080081ca   0x00000030   Code   RO         6298    i.__ARM_fpclassify  m_wm.l(fpclassify.o)
    0x080081fa   0x00000002   PAD
    0x080081fc   0x00000020   Code   RO         2134    i.__NVIC_SetPriority  stm32f4xx_hal_cortex.o
    0x0800821c   0x00000004   PAD
    0x08008220   0x000002e8   Code   RO         6194    i.__hardfp_atan     m_wm.l(atan.o)
    0x08008508   0x000001e0   Code   RO         6208    i.__hardfp_atan2    m_wm.l(atan2.o)
    0x080086e8   0x00000014   Code   RO         6226    i.__hardfp_fabs     m_wm.l(fabs.o)
    0x080086fc   0x00000004   PAD
    0x08008700   0x00000118   Code   RO         6232    i.__hardfp_floor    m_wm.l(floor.o)
    0x08008818   0x000000e0   Code   RO         6238    i.__hardfp_round    m_wm.l(round.o)
    0x080088f8   0x0000007a   Code   RO         6242    i.__hardfp_sqrt     m_wm.l(sqrt.o)
    0x08008972   0x000000f8   Code   RO         6300    i.__kernel_poly     m_wm.l(poly.o)
    0x08008a6a   0x00000006   PAD
    0x08008a70   0x00000020   Code   RO         6296    i.__mathlib_dbl_underflow  m_wm.l(dunder.o)
    0x08008a90   0x0000000e   Code   RO         6104    i._is_digit         c_w.l(__printf_wp.o)
    0x08008a9e   0x00000002   PAD
    0x08008aa0   0x00000098   Code   RO           34    i.allServoHandSpin  main.o
    0x08008b38   0x000000b8   Code   RO           35    i.allServoLegSpin   main.o
    0x08008bf0   0x00000010   Code   RO         6196    i.atan              m_wm.l(atan.o)
    0x08008c00   0x000000b4   Code   RO           37    i.boxAnimLead_Hand  main.o
    0x08008cb4   0x000000bc   Code   RO           38    i.boxAnimSupport_Hand  main.o
    0x08008d70   0x00000138   Code   RO           39    i.danceAnimLead_Hand  main.o
    0x08008ea8   0x00000120   Code   RO           40    i.danceAnimSupport_Hand  main.o
    0x08008fc8   0x00000020   Code   RO         6228    i.fabs              m_wm.l(fabs.o)
    0x08008fe8   0x000000ac   Code   RO           42    i.getMaxAngle       main.o
    0x08009094   0x000000bc   Code   RO          841    i.getNextStepAll    legcontrol.o
    0x08009150   0x000000fc   Code   RO           44    i.getSensorInfo     main.o
    0x0800924c   0x000000d4   Code   RO           46    i.greatingStateLead  main.o
    0x08009320   0x000000d0   Code   RO           47    i.greatingStateSupport  main.o
    0x080093f0   0x000000b0   Code   RO           48    i.hold10Anim1Lead_Hand  main.o
    0x080094a0   0x000000a4   Code   RO           49    i.hold10Anim1Lead_Leg  main.o
    0x08009544   0x000000b0   Code   RO           50    i.hold10Anim1Support_Hand  main.o
    0x080095f4   0x000000a8   Code   RO           51    i.hold10Anim1Support_Leg  main.o
    0x0800969c   0x000000ac   Code   RO           52    i.hold10Anim2Lead_Hand  main.o
    0x08009748   0x000000ac   Code   RO           53    i.hold10Anim2Support_Hand  main.o
    0x080097f4   0x000000b4   Code   RO           54    i.hold10Anim3Lead_Hand  main.o
    0x080098a8   0x000000a4   Code   RO           55    i.hold3Anim1Lead    main.o
    0x0800994c   0x000000a4   Code   RO           56    i.hold3Anim1Support  main.o
    0x080099f0   0x000000ac   Code   RO           57    i.hold3Anim3Lead    main.o
    0x08009a9c   0x000000ac   Code   RO           58    i.hold3Anim3Support  main.o
    0x08009b48   0x000001c0   Code   RO           59    i.main              main.o
    0x08009d08   0x0000001a   Code   RO         5439    i.osDelay           cmsis_os2.o
    0x08009d22   0x0000002c   Code   RO         5444    i.osEventFlagsNew   cmsis_os2.o
    0x08009d4e   0x00000002   PAD
    0x08009d50   0x00000024   Code   RO         5453    i.osKernelInitialize  cmsis_os2.o
    0x08009d74   0x00000038   Code   RO         5456    i.osKernelStart     cmsis_os2.o
    0x08009dac   0x00000058   Code   RO         5473    i.osMessageQueueNew  cmsis_os2.o
    0x08009e04   0x00000052   Code   RO         5476    i.osMutexAcquire    cmsis_os2.o
    0x08009e56   0x00000066   Code   RO         5479    i.osMutexNew        cmsis_os2.o
    0x08009ebc   0x00000042   Code   RO         5480    i.osMutexRelease    cmsis_os2.o
    0x08009efe   0x00000088   Code   RO         5498    i.osThreadNew       cmsis_os2.o
    0x08009f86   0x00000002   PAD
    0x08009f88   0x0000005c   Code   RO         4898    i.prvAddCurrentTaskToDelayedList  tasks.o
    0x08009fe4   0x000000d0   Code   RO         4899    i.prvAddNewTaskToReadyList  tasks.o
    0x0800a0b4   0x00000058   Code   RO         5263    i.prvCheckForValidListAndQueue  timers.o
    0x0800a10c   0x00000026   Code   RO         4495    i.prvCopyDataFromQueue  queue.o
    0x0800a132   0x0000006c   Code   RO         4496    i.prvCopyDataToQueue  queue.o
    0x0800a19e   0x00000034   Code   RO         4900    i.prvDeleteTCB      tasks.o
    0x0800a1d2   0x00000002   PAD
    0x0800a1d4   0x0000004c   Code   RO         5950    i.prvHeapInit       heap_4.o
    0x0800a220   0x00000060   Code   RO         4901    i.prvIdleTask       tasks.o
    0x0800a280   0x00000016   Code   RO         4497    i.prvInitialiseMutex  queue.o
    0x0800a296   0x00000002   PAD
    0x0800a298   0x00000022   Code   RO         4498    i.prvInitialiseNewQueue  queue.o
    0x0800a2ba   0x00000002   PAD
    0x0800a2bc   0x000000b0   Code   RO         4902    i.prvInitialiseNewTask  tasks.o
    0x0800a36c   0x0000004c   Code   RO         5951    i.prvInsertBlockIntoFreeList  heap_4.o
    0x0800a3b8   0x00000038   Code   RO         5265    i.prvInsertTimerInActiveList  timers.o
    0x0800a3f0   0x0000001c   Code   RO         4499    i.prvIsQueueEmpty   queue.o
    0x0800a40c   0x000000fc   Code   RO         5266    i.prvProcessReceivedCommands  timers.o
    0x0800a508   0x000000c0   Code   RO         5267    i.prvProcessTimerOrBlockTask  timers.o
    0x0800a5c8   0x00000020   Code   RO         4904    i.prvResetNextTaskUnblockTime  tasks.o
    0x0800a5e8   0x00000028   Code   RO         5268    i.prvSampleTimeNow  timers.o
    0x0800a610   0x0000006c   Code   RO         5269    i.prvSwitchTimerLists  timers.o
    0x0800a67c   0x00000020   Code   RO         6006    i.prvTaskExitError  port.o
    0x0800a69c   0x00000024   Code   RO         5270    i.prvTimerTask      timers.o
    0x0800a6c0   0x0000006a   Code   RO         4500    i.prvUnlockQueue    queue.o
    0x0800a72a   0x00000002   PAD
    0x0800a72c   0x000000dc   Code   RO         5952    i.pvPortMalloc      heap_4.o
    0x0800a808   0x00000018   Code   RO         4907    i.pvTaskIncrementMutexHeldCount  tasks.o
    0x0800a820   0x0000002c   Code   RO         6007    i.pxPortInitialiseStack  port.o
    0x0800a84c   0x000000b0   Code   RO           60    i.runAnimLead_Hand  main.o
    0x0800a8fc   0x000000b0   Code   RO           62    i.runAnimSupport_Hand  main.o
    0x0800a9ac   0x0000000c   Code   RO          843    i.saveNewDefoultAngle  legcontrol.o
    0x0800a9b8   0x00000054   Code   RO          844    i.setAngle          legcontrol.o
    0x0800aa0c   0x000000b8   Code   RO           64    i.setServoAngle     main.o
    0x0800aac4   0x000000b0   Code   RO           65    i.spinAnimLead_Hand  main.o
    0x0800ab74   0x000000b0   Code   RO           66    i.spinAnimSupport_Hand  main.o
    0x0800ac24   0x0000005e   Code   RO          845    i.targetPositionCheck  legcontrol.o
    0x0800ac82   0x00000026   Code   RO         4455    i.uxListRemove      list.o
    0x0800aca8   0x00000014   Code   RO         5510    i.vApplicationGetIdleTaskMemory  cmsis_os2.o
    0x0800acbc   0x00000018   Code   RO         5511    i.vApplicationGetTimerTaskMemory  cmsis_os2.o
    0x0800acd4   0x00000016   Code   RO         4456    i.vListInitialise   list.o
    0x0800acea   0x00000006   Code   RO         4457    i.vListInitialiseItem  list.o
    0x0800acf0   0x00000030   Code   RO         4458    i.vListInsert       list.o
    0x0800ad20   0x00000018   Code   RO         4459    i.vListInsertEnd    list.o
    0x0800ad38   0x00000040   Code   RO         6009    i.vPortEnterCritical  port.o
    0x0800ad78   0x00000028   Code   RO         6010    i.vPortExitCritical  port.o
    0x0800ada0   0x00000064   Code   RO         5953    i.vPortFree         heap_4.o
    0x0800ae04   0x00000024   Code   RO         6011    i.vPortSetupTimerInterrupt  port.o
    0x0800ae28   0x00000054   Code   RO         6012    i.vPortValidateInterruptPriority  port.o
    0x0800ae7c   0x00000028   Code   RO         4506    i.vQueueAddToRegistry  queue.o
    0x0800aea4   0x00000046   Code   RO         4510    i.vQueueWaitForMessageRestricted  queue.o
    0x0800aeea   0x00000002   PAD
    0x0800aeec   0x0000004c   Code   RO         4917    i.vTaskDelay        tasks.o
    0x0800af38   0x00000010   Code   RO         4922    i.vTaskInternalSetTimeOutState  tasks.o
    0x0800af48   0x0000000c   Code   RO         4923    i.vTaskMissedYield  tasks.o
    0x0800af54   0x00000030   Code   RO         4925    i.vTaskPlaceOnEventList  tasks.o
    0x0800af84   0x00000038   Code   RO         4926    i.vTaskPlaceOnEventListRestricted  tasks.o
    0x0800afbc   0x00000090   Code   RO         4928    i.vTaskPriorityDisinheritAfterTimeout  tasks.o
    0x0800b04c   0x00000088   Code   RO         4934    i.vTaskStartScheduler  tasks.o
    0x0800b0d4   0x00000010   Code   RO         4936    i.vTaskSuspendAll   tasks.o
    0x0800b0e4   0x00000064   Code   RO         4937    i.vTaskSwitchContext  tasks.o
    0x0800b148   0x0000003e   Code   RO           67    i.wait_for_gpio_state_timeout  main.o
    0x0800b186   0x0000001c   Code   RO         4341    i.xEventGroupCreate  event_groups.o
    0x0800b1a2   0x0000002c   Code   RO         4342    i.xEventGroupCreateStatic  event_groups.o
    0x0800b1ce   0x00000002   PAD
    0x0800b1d0   0x000000f8   Code   RO         6013    i.xPortStartScheduler  port.o
    0x0800b2c8   0x0000002c   Code   RO         6014    i.xPortSysTickHandler  port.o
    0x0800b2f4   0x00000016   Code   RO         4513    i.xQueueCreateMutex  queue.o
    0x0800b30a   0x0000001a   Code   RO         4514    i.xQueueCreateMutexStatic  queue.o
    0x0800b324   0x00000042   Code   RO         4515    i.xQueueGenericCreate  queue.o
    0x0800b366   0x00000066   Code   RO         4516    i.xQueueGenericCreateStatic  queue.o
    0x0800b3cc   0x00000088   Code   RO         4517    i.xQueueGenericReset  queue.o
    0x0800b454   0x00000160   Code   RO         4518    i.xQueueGenericSend  queue.o
    0x0800b5b4   0x000000be   Code   RO         4519    i.xQueueGenericSendFromISR  queue.o
    0x0800b672   0x0000003e   Code   RO         4523    i.xQueueGiveMutexRecursive  queue.o
    0x0800b6b0   0x00000138   Code   RO         4528    i.xQueueReceive     queue.o
    0x0800b7e8   0x00000178   Code   RO         4530    i.xQueueSemaphoreTake  queue.o
    0x0800b960   0x00000040   Code   RO         4531    i.xQueueTakeMutexRecursive  queue.o
    0x0800b9a0   0x00000074   Code   RO         4939    i.xTaskCheckForTimeOut  tasks.o
    0x0800ba14   0x0000005a   Code   RO         4940    i.xTaskCreate       tasks.o
    0x0800ba6e   0x00000056   Code   RO         4941    i.xTaskCreateStatic  tasks.o
    0x0800bac4   0x0000000c   Code   RO         4944    i.xTaskGetCurrentTaskHandle  tasks.o
    0x0800bad0   0x0000001c   Code   RO         4945    i.xTaskGetSchedulerState  tasks.o
    0x0800baec   0x0000000c   Code   RO         4946    i.xTaskGetTickCount  tasks.o
    0x0800baf8   0x000000c8   Code   RO         4948    i.xTaskIncrementTick  tasks.o
    0x0800bbc0   0x00000080   Code   RO         4951    i.xTaskPriorityDisinherit  tasks.o
    0x0800bc40   0x00000078   Code   RO         4952    i.xTaskPriorityInherit  tasks.o
    0x0800bcb8   0x00000070   Code   RO         4953    i.xTaskRemoveFromEventList  tasks.o
    0x0800bd28   0x000000c4   Code   RO         4954    i.xTaskResumeAll    tasks.o
    0x0800bdec   0x00000060   Code   RO         5279    i.xTimerCreateTimerTask  timers.o
    0x0800be4c   0x00000068   Code   RO         5280    i.xTimerGenericCommand  timers.o
    0x0800beb4   0x0000002c   Code   RO         6364    locale$$code        c_w.l(lc_numeric_c.o)
    0x0800bee0   0x0000002c   Code   RO         6377    locale$$code        c_w.l(lc_ctype_c.o)
    0x0800bf0c   0x00000018   Code   RO         6140    x$fpl$basic         fz_wm.l(basic.o)
    0x0800bf24   0x00000062   Code   RO         6142    x$fpl$d2f           fz_wm.l(d2f.o)
    0x0800bf86   0x00000002   PAD
    0x0800bf88   0x00000150   Code   RO         6144    x$fpl$dadd          fz_wm.l(daddsub_clz.o)
    0x0800c0d8   0x00000018   Code   RO         6281    x$fpl$dcmpinf       fz_wm.l(dcmpi.o)
    0x0800c0f0   0x000002b0   Code   RO         6151    x$fpl$ddiv          fz_wm.l(ddiv.o)
    0x0800c3a0   0x00000078   Code   RO         6154    x$fpl$deqf          fz_wm.l(deqf.o)
    0x0800c418   0x0000005e   Code   RO         6156    x$fpl$dfix          fz_wm.l(dfix.o)
    0x0800c476   0x00000002   PAD
    0x0800c478   0x0000005a   Code   RO         6160    x$fpl$dfixu         fz_wm.l(dfixu.o)
    0x0800c4d2   0x0000002e   Code   RO         6165    x$fpl$dflt          fz_wm.l(dflt_clz.o)
    0x0800c500   0x00000026   Code   RO         6164    x$fpl$dfltu         fz_wm.l(dflt_clz.o)
    0x0800c526   0x00000002   PAD
    0x0800c528   0x00000078   Code   RO         6170    x$fpl$dleqf         fz_wm.l(dleqf.o)
    0x0800c5a0   0x00000154   Code   RO         6172    x$fpl$dmul          fz_wm.l(dmul.o)
    0x0800c6f4   0x0000009c   Code   RO         6283    x$fpl$dnaninf       fz_wm.l(dnaninf.o)
    0x0800c790   0x0000000c   Code   RO         6285    x$fpl$dretinf       fz_wm.l(dretinf.o)
    0x0800c79c   0x0000006c   Code   RO         6174    x$fpl$drleqf        fz_wm.l(drleqf.o)
    0x0800c808   0x000000b4   Code   RO         6287    x$fpl$drnd          fz_wm.l(drnd.o)
    0x0800c8bc   0x00000016   Code   RO         6145    x$fpl$drsb          fz_wm.l(daddsub_clz.o)
    0x0800c8d2   0x00000002   PAD
    0x0800c8d4   0x00000198   Code   RO         6289    x$fpl$dsqrt         fz_wm.l(dsqrt_umaal.o)
    0x0800ca6c   0x000001d4   Code   RO         6146    x$fpl$dsub          fz_wm.l(daddsub_clz.o)
    0x0800cc40   0x00000056   Code   RO         6176    x$fpl$f2d           fz_wm.l(f2d.o)
    0x0800cc96   0x0000008c   Code   RO         6291    x$fpl$fnaninf       fz_wm.l(fnaninf.o)
    0x0800cd22   0x0000000a   Code   RO         6444    x$fpl$fpinit        fz_wm.l(fpinit.o)
    0x0800cd2c   0x0000000a   Code   RO         6293    x$fpl$fretinf       fz_wm.l(fretinf.o)
    0x0800cd36   0x00000004   Code   RO         6178    x$fpl$printf1       fz_wm.l(printf1.o)
    0x0800cd3a   0x00000000   Code   RO         6295    x$fpl$usenofp       fz_wm.l(usenofp.o)
    0x0800cd3a   0x00000002   PAD
    0x0800cd3c   0x00000138   Data   RO           72    .constdata          main.o
    0x0800ce74   0x00000008   Data   RO          816    .constdata          dht.o
    0x0800ce7c   0x00000008   Data   RO         1851    .constdata          stm32f4xx_hal_dma.o
    0x0800ce84   0x00000010   Data   RO         4291    .constdata          system_stm32f4xx.o
    0x0800ce94   0x00000008   Data   RO         4292    .constdata          system_stm32f4xx.o
    0x0800ce9c   0x00000004   PAD
    0x0800cea0   0x00000098   Data   RO         6197    .constdata          m_wm.l(atan.o)
    0x0800cf38   0x00000008   Data   RO         6302    .constdata          m_wm.l(qnan.o)
    0x0800cf40   0x00000094   Data   RO         6339    .constdata          c_w.l(bigflt0.o)
    0x0800cfd4   0x00000092   Data   RO           73    .conststring        main.o
    0x0800d066   0x00000002   PAD
    0x0800d068   0x00000020   Data   RO         6512    Region$$Table       anon$$obj.o
    0x0800d088   0x0000001c   Data   RO         6363    locale$$data        c_w.l(lc_numeric_c.o)
    0x0800d0a4   0x00000110   Data   RO         6376    locale$$data        c_w.l(lc_ctype_c.o)


    Execution Region RW_IRAM1 (Base: 0x20000000, Size: 0x00005ac8, Max: 0x0001c000, ABSOLUTE, COMPRESSED[0x00000084])

    Base Addr    Size         Type   Attr      Idx    E Section Name        Object

    0x20000000   0x000003e0   Data   RW           74    .data               main.o
    0x200003e0   0x00000004   Data   RW          902    .data               mpu6050.o
    0x200003e4   0x0000000c   Data   RW         2278    .data               stm32f4xx_hal.o
    0x200003f0   0x00000004   Data   RW         4293    .data               system_stm32f4xx.o
    0x200003f4   0x0000003c   Data   RW         4957    .data               tasks.o
    0x20000430   0x00000014   Data   RW         5288    .data               timers.o
    0x20000444   0x00000004   Data   RW         5513    .data               cmsis_os2.o
    0x20000448   0x00000020   Data   RW         5959    .data               heap_4.o
    0x20000468   0x0000000c   Data   RW         6015    .data               port.o
    0x20000474   0x00000004   Data   RW         6120    .data               c_w.l(strtok.o)
    0x20000478   0x00000610   Zero   RW           69    .bss                main.o
    0x20000a88   0x00000060   Zero   RW           70    .bss                main.o
    0x20000ae8   0x00000060   Zero   RW           71    .bss                main.o
    0x20000b48   0x00000048   Zero   RW          779    .bss                stm32f4xx_hal_timebase_tim.o
    0x20000b90   0x00000040   Zero   RW         4532    .bss                queue.o
    0x20000bd0   0x000004c4   Zero   RW         4956    .bss                tasks.o
    0x20001094   0x00000118   Zero   RW         5287    .bss                timers.o
    0x200011ac   0x000006b8   Zero   RW         5512    .bss                cmsis_os2.o
    0x20001864   0x00003c00   Zero   RW         5958    .bss                heap_4.o
    0x20005464   0x00000060   Zero   RW         6304    .bss                c_w.l(libspace.o)
    0x200054c4   0x00000004   PAD
    0x200054c8   0x00000200   Zero   RW            2    HEAP                startup_stm32f407xx.o
    0x200056c8   0x00000400   Zero   RW            1    STACK               startup_stm32f407xx.o


    Execution Region RW_IRAM2 (Base: 0x2001c000, Size: 0x00000000, Max: 0x00004000, ABSOLUTE)

    **** No section assigned to this execution region ****


==============================================================================

Image component sizes


      Code (inc. data)   RO Data    RW Data    ZI Data      Debug   Object Name

       706         24          0          4       1720      68272   cmsis_os2.o
       552         16          8          0          0       1922   dht.o
        72          0          0          0          0      22062   event_groups.o
       472         24          0         32      15360       4427   heap_4.o
       378          6          0          0          0       3032   legcontrol.o
       138          0          0          0          0       3154   list.o
     15746       1254        458        992       1744     768677   main.o
      1414        102          0          4          0       3382   mpu6050.o
       812         70          0          0          0       7201   pca9685.o
       782         80          0         12          0      10973   port.o
      2154         24          0          0         64      21120   queue.o
        64         26        392          0       1536        804   startup_stm32f407xx.o
       116         18          0         12          0       8438   stm32f4xx_hal.o
      1208         58          0          0          0       5297   stm32f4xx_hal_adc.o
       160         24          0          0          0      32638   stm32f4xx_hal_cortex.o
      1088         16          8          0          0       6246   stm32f4xx_hal_dma.o
       872         86          0          0          0       3293   stm32f4xx_hal_gpio.o
      2684         68          0          0          0      12921   stm32f4xx_hal_i2c.o
      1072        138          0          0          0       5230   stm32f4xx_hal_msp.o
      1412         86          0          0          0       5401   stm32f4xx_hal_rcc.o
      2832        192          0          0          0      19453   stm32f4xx_hal_tim.o
       232         30          0          0          0       3001   stm32f4xx_hal_tim_ex.o
       152         20          0          0         72       1331   stm32f4xx_hal_timebase_tim.o
      1648         26          0          0          0      11618   stm32f4xx_hal_uart.o
        84         36          0          0          0       5199   stm32f4xx_it.o
         0          0          0          0          0        348   stream_buffer.o
        16          4         24          4          0       1027   system_stm32f4xx.o
      2384        198          0         60       1220      27269   tasks.o
       972         80          0         20        280      30847   timers.o

    ----------------------------------------------------------------------
     40278       2710        928       1140      21996    1094583   Object Totals
         0          0         32          0          0          0   (incl. Generated)
        56          4          6          0          0          0   (incl. Padding)

    ----------------------------------------------------------------------

      Code (inc. data)   RO Data    RW Data    ZI Data      Debug   Library Member Name

        90          0          0          0          0          0   __dczerorl2.o
         8          0          0          0          0         68   __main.o
       284          0          0          0          0        156   __printf_wp.o
        52          8          0          0          0          0   __scatter.o
        28          0          0          0          0          0   __scatter_zi.o
        28          0          0          0          0         68   _chval.o
        48          6          0          0          0         96   _printf_char_common.o
         6          0          0          0          0          0   _printf_d.o
       120         18          0          0          0         92   _printf_dec.o
         6          0          0          0          0          0   _printf_f.o
      1056          0          0          0          0        216   _printf_fp_dec.o
       128         16          0          0          0         84   _printf_fp_infnan.o
       184          0          0          0          0         88   _printf_intcommon.o
         0          0          0          0          0          0   _printf_percent.o
         4          0          0          0          0          0   _printf_percent_end.o
        22          0          0          0          0        100   _rserrno.o
        10          0          0          0          0         68   _sputc.o
       158          0          0          0          0         92   _strtoul.o
        16          0          0          0          0         68   aeabi_memset.o
        26          0          0          0          0         80   atoi.o
       228          6        148          0          0         96   bigflt0.o
      1910        128          0          0          0        672   btod.o
        12          0          0          0          0         72   exit.o
         6          0          0          0          0        152   heapauxi.o
         0          0          0          0          0          0   indicate_semi.o
        44         10        272          0          0         76   lc_ctype_c.o
        44         10         28          0          0         76   lc_numeric_c.o
         2          0          0          0          0          0   libinit.o
        34          0          0          0          0          0   libinit2.o
         2          0          0          0          0          0   libshutdown.o
         2          0          0          0          0          0   libshutdown2.o
         8          4          0          0         96         68   libspace.o
       138          0          0          0          0         80   lludiv10.o
       238          0          0          0          0        100   lludivv7m.o
        40          6          0          0          0         84   noretval__2sprintf.o
        16          4          0          0          0         76   rt_ctype_table.o
         8          4          0          0          0         68   rt_errno_addr_intlibspace.o
         8          4          0          0          0         68   rt_locale_intlibspace.o
        68          0          0          0          0         68   rt_memclr.o
        78          0          0          0          0         80   rt_memclr_w.o
       138          0          0          0          0         68   rt_memcpy_v6.o
       100          0          0          0          0         80   rt_memcpy_w.o
         0          0          0          0          0          0   rtentry.o
        12          0          0          0          0          0   rtentry2.o
         6          0          0          0          0          0   rtentry4.o
         2          0          0          0          0          0   rtexit.o
        10          0          0          0          0          0   rtexit2.o
       128          0          0          0          0         68   strcmpv7m.o
        32          0          0          0          0         80   strcspn.o
        62          0          0          0          0         76   strlen.o
        28          0          0          0          0         80   strspn.o
        12          6          0          4          0         68   strtok.o
        68          4          0          0          0         84   strtok_int.o
       112          0          0          0          0         88   strtol.o
        12          4          0          0          0         68   sys_exit.o
        74          0          0          0          0         80   sys_stackheap_outer.o
         2          0          0          0          0         68   use_no_semi.o
        24          0          0          0          0        164   basic.o
        98          4          0          0          0        140   d2f.o
       826         16          0          0          0        492   daddsub_clz.o
        24          0          0          0          0        116   dcmpi.o
       688        140          0          0          0        256   ddiv.o
       120          4          0          0          0        140   deqf.o
        94          4          0          0          0        140   dfix.o
        90          4          0          0          0        140   dfixu.o
        84          0          0          0          0        232   dflt_clz.o
       120          4          0          0          0        140   dleqf.o
       340         12          0          0          0        152   dmul.o
       156          4          0          0          0        140   dnaninf.o
        12          0          0          0          0        116   dretinf.o
       108          0          0          0          0        128   drleqf.o
       180          4          0          0          0        128   drnd.o
       408         56          0          0          0        168   dsqrt_umaal.o
        86          4          0          0          0        132   f2d.o
       140          4          0          0          0        132   fnaninf.o
        10          0          0          0          0        116   fpinit.o
        10          0          0          0          0        116   fretinf.o
         4          0          0          0          0        116   printf1.o
         0          0          0          0          0          0   usenofp.o
       760        108        152          0          0        344   atan.o
       480         64          0          0          0        156   atan2.o
        32          8          0          0          0        124   dunder.o
        52          0          0          0          0        248   fabs.o
       280         28          0          0          0        156   floor.o
        48          0          0          0          0        124   fpclassify.o
       248          0          0          0          0        152   poly.o
         0          0          8          0          0          0   qnan.o
       224         30          0          0          0        172   round.o
       122          0          0          0          0        148   sqrt.o

    ----------------------------------------------------------------------
     11870        736        608          4        100       9048   Library Totals
        44          0          0          0          4          0   (incl. Padding)

    ----------------------------------------------------------------------

      Code (inc. data)   RO Data    RW Data    ZI Data      Debug   Library Name

      5958        238        448          4         96       4020   c_w.l
      3622        260          0          0          0       3404   fz_wm.l
      2246        238        160          0          0       1624   m_wm.l

    ----------------------------------------------------------------------
     11870        736        608          4        100       9048   Library Totals

    ----------------------------------------------------------------------

==============================================================================


      Code (inc. data)   RO Data    RW Data    ZI Data      Debug   

     52148       3446       1536       1144      22096    1071487   Grand Totals
     52148       3446       1536        132      22096    1071487   ELF Image Totals (compressed)
     52148       3446       1536        132          0          0   ROM Totals

==============================================================================

    Total RO  Size (Code + RO Data)                53684 (  52.43kB)
    Total RW  Size (RW Data + ZI Data)             23240 (  22.70kB)
    Total ROM Size (Code + RO Data + RW Data)      53816 (  52.55kB)

==============================================================================

