<html>
<body>
<pre>
<h1>µVision Build Log</h1>
<h2>Project:</h2>
C:\Keil\projects\izbushka_project_8_1\MDK-ARM\izbushka_project_8_1.uvproj
Project File Date:  07/22/2025

<h2>Output:</h2>
Rebuild target 'izbushka_project_8_1'
assembling startup_stm32f407xx.s...
compiling main.c...
../Core/Src/main.c(373): warning:  #188-D: enumerated type mixed with another type
              HAL_GPIO_WritePin(motor.GPIO_Port1, motor.GPIO_Pin1, 0);
../Core/Src/main.c(374): warning:  #188-D: enumerated type mixed with another type
              HAL_GPIO_WritePin(motor.GPIO_Port2, motor.GPIO_Pin2, 1);
../Core/Src/main.c(378): warning:  #188-D: enumerated type mixed with another type
              HAL_GPIO_WritePin(motor.GPIO_Port1, motor.GPIO_Pin1, 1);
../Core/Src/main.c(379): warning:  #188-D: enumerated type mixed with another type
              HAL_GPIO_WritePin(motor.GPIO_Port2, motor.GPIO_Pin2, 0);
../Core/Src/main.c(383): warning:  #188-D: enumerated type mixed with another type
              HAL_GPIO_WritePin(motor.GPIO_Port1, motor.GPIO_Pin1, 0);
../Core/Src/main.c(384): warning:  #188-D: enumerated type mixed with another type
              HAL_GPIO_WritePin(motor.GPIO_Port2, motor.GPIO_Pin2, 0);
../Core/Src/main.c(396): warning:  #188-D: enumerated type mixed with another type
              HAL_GPIO_WritePin(motor.GPIO_Port1, motor.GPIO_Pin1, 0);
../Core/Src/main.c(397): warning:  #188-D: enumerated type mixed with another type
              HAL_GPIO_WritePin(motor.GPIO_Port2, motor.GPIO_Pin2, 1);
../Core/Src/main.c(401): warning:  #188-D: enumerated type mixed with another type
              HAL_GPIO_WritePin(motor.GPIO_Port1, motor.GPIO_Pin1, 1);
../Core/Src/main.c(402): warning:  #188-D: enumerated type mixed with another type
              HAL_GPIO_WritePin(motor.GPIO_Port2, motor.GPIO_Pin2, 0);
../Core/Src/main.c(406): warning:  #188-D: enumerated type mixed with another type
              HAL_GPIO_WritePin(motor.GPIO_Port1, motor.GPIO_Pin1, 0);
../Core/Src/main.c(407): warning:  #188-D: enumerated type mixed with another type
              HAL_GPIO_WritePin(motor.GPIO_Port2, motor.GPIO_Pin2, 0);
../Core/Src/main.c(578): warning:  #174-D: expression has no effect
          __NOP;
../Core/Src/main.c(650): warning:  #174-D: expression has no effect
      __NOP;
../Core/Src/main.c(654): warning:  #174-D: expression has no effect
      __NOP;
../Core/Src/main.c(658): warning:  #174-D: expression has no effect
      __NOP;
../Core/Src/main.c(739): warning:  #940-D: missing return statement at end of non-void function "getResultAngle"
  }
../Core/Src/main.c(732): warning:  #550-D: variable "resultAngles" was set but never used
                ServosAngle resultAngles={0,0,0,0};
../Core/Src/main.c(1968): warning:  #177-D: variable "servoAngleLastData" was declared but never referenced
        float servoAngleLastData[6];
../Core/Src/main.c(2013): warning:  #177-D: variable "legSwitch" was declared but never referenced
                bool legSwitch = false;
../Core/Src/main.c(2257): warning:  #177-D: variable "size" was declared but never referenced
                                                                                int size = sizeof(c2)/sizeof(uint8_t);
../Core/Src/main.c(2268): warning:  #188-D: enumerated type mixed with another type
                                                                HAL_GPIO_WritePin(GPIOG,GPIO_PIN_13,red);
../Core/Src/main.c(2269): warning:  #188-D: enumerated type mixed with another type
                                                                HAL_GPIO_WritePin(GPIOG,GPIO_PIN_14,green);
../Core/Src/main.c(2270): warning:  #188-D: enumerated type mixed with another type
                                                                HAL_GPIO_WritePin(GPIOG,GPIO_PIN_15,blue);
../Core/Src/main.c(2617): warning:  #177-D: variable "leftLegDev" was declared but never referenced
                                        int leftLegDev=0;
../Core/Src/main.c(2618): warning:  #177-D: variable "rightLegDev" was declared but never referenced
                                        int rightLegDev = 0;
../Core/Src/main.c(2619): warning:  #177-D: variable "correctAngleL" was declared but never referenced
                                        int correctAngleL=0;
../Core/Src/main.c(2620): warning:  #177-D: variable "correctAngleR" was declared but never referenced
                                        int correctAngleR=0;    
../Core/Src/main.c(664): warning:  #177-D: function "_sign" was declared but never referenced
  static inline int8_t _sign(int val) {
../Core/Src/main.c(2734): warning: C4017W: timerRight may be used before being set
        int timerLeft,timerRight;
../Core/Src/main.c(2734): warning: C4017W: timerLeft may be used before being set
        int timerLeft,timerRight;
../Core/Src/main.c: 31 warnings, 0 errors
compiling freertos.c...
compiling stm32f4xx_it.c...
compiling stm32f4xx_hal_msp.c...
compiling stm32f4xx_hal_timebase_tim.c...
compiling DHT.c...
compiling LegControl.c...
compiling mpu6050.c...
compiling pca9685.c...
..\Core\Src\pca9685.c(92): warning:  #1035-D: single-precision operand implicitly converted to double-precision
                PrescalerVal = (25000000 / (4096.0 * (float)Frequency)) - 1;
..\Core\Src\pca9685.c(93): warning:  #1035-D: single-precision operand implicitly converted to double-precision
                Prescale = floor(PrescalerVal + 0.5);
..\Core\Src\pca9685.c(178): warning:  #1035-D: single-precision operand implicitly converted to double-precision
        if(Angle < MIN_ANGLE) Angle = MIN_ANGLE;
..\Core\Src\pca9685.c(179): warning:  #1035-D: single-precision operand implicitly converted to double-precision
        if(Angle > MAX_ANGLE) Angle = MAX_ANGLE;
..\Core\Src\pca9685.c(181): warning:  #1035-D: single-precision operand implicitly converted to double-precision
        Value = (Angle - MIN_ANGLE) * ((float)SERVO_MAX - (float)SERVO_MIN) / (MAX_ANGLE - MIN_ANGLE) + (float)SERVO_MIN;
..\Core\Src\pca9685.c: 5 warnings, 0 errors
compiling servo.c...
compiling stm32f4xx_hal_adc.c...
compiling stm32f4xx_hal_adc_ex.c...
compiling stm32f4xx_ll_adc.c...
compiling stm32f4xx_hal_rcc.c...
compiling stm32f4xx_hal_rcc_ex.c...
compiling stm32f4xx_hal_flash.c...
compiling stm32f4xx_hal_flash_ex.c...
compiling stm32f4xx_hal_flash_ramfunc.c...
compiling stm32f4xx_hal_gpio.c...
compiling stm32f4xx_hal_dma_ex.c...
compiling stm32f4xx_hal_dma.c...
compiling stm32f4xx_hal_pwr.c...
compiling stm32f4xx_hal_pwr_ex.c...
compiling stm32f4xx_hal_cortex.c...
compiling stm32f4xx_hal.c...
compiling stm32f4xx_hal_exti.c...
compiling stm32f4xx_hal_i2c.c...
compiling stm32f4xx_hal_i2c_ex.c...
compiling stm32f4xx_hal_tim.c...
compiling stm32f4xx_hal_tim_ex.c...
compiling stm32f4xx_hal_uart.c...
compiling system_stm32f4xx.c...
compiling croutine.c...
compiling event_groups.c...
compiling list.c...
compiling queue.c...
compiling stream_buffer.c...
compiling tasks.c...
compiling timers.c...
compiling cmsis_os2.c...
compiling heap_4.c...
compiling port.c...
linking...
Program Size: Code=52148 RO-data=1536 RW-data=1144 ZI-data=22096  
FromELF: creating hex file...
"izbushka_project_8_1\izbushka_project_8_1.axf" - 0 Error(s), 36 Warning(s).
</pre>
</body>
</html>
r1.GPIO_Port1, motor1.GPIO_Pin1, 0);
..\Core\Src\L298NDriver.c(43): warning:  #188-D: enumerated type mixed with another type
                        HAL_GPIO_WritePin(motor1.GPIO_Port2, motor1.GPIO_Pin2, 1);
..\Core\Src\L298NDriver.c(46): warning:  #188-D: enumerated type mixed with another type
                        HAL_GPIO_WritePin(motor1.GPIO_Port1, motor1.GPIO_Pin1, 1);
..\Core\Src\L298NDriver.c(47): warning:  #188-D: enumerated type mixed with another type
                        HAL_GPIO_WritePin(motor1.GPIO_Port2, motor1.GPIO_Pin2, 0);
..\Core\Src\L298NDriver.c(50): warning:  #188-D: enumerated type mixed with another type
                        HAL_GPIO_WritePin(motor1.GPIO_Port1, motor1.GPIO_Pin1, 0);
..\Core\Src\L298NDriver.c(51): warning:  #188-D: enumerated type mixed with another type
                        HAL_GPIO_WritePin(motor1.GPIO_Port2, motor1.GPIO_Pin2, 0);
..\Core\Src\L298NDriver.c(56): warning:  #188-D: enumerated type mixed with another type
                        HAL_GPIO_WritePin(motor2.GPIO_Port1, motor2.GPIO_Pin1, 0);
..\Core\Src\L298NDriver.c(57): warning:  #188-D: enumerated type mixed with another type
                        HAL_GPIO_WritePin(motor2.GPIO_Port2, motor2.GPIO_Pin2, 1);
..\Core\Src\L298NDriver.c(60): warning:  #188-D: enumerated type mixed with another type
                        HAL_GPIO_WritePin(motor2.GPIO_Port1, motor2.GPIO_Pin1, 1);
..\Core\Src\L298NDriver.c(61): warning:  #188-D: enumerated type mixed with another type
                        HAL_GPIO_WritePin(motor2.GPIO_Port2, motor2.GPIO_Pin2, 0);
..\Core\Src\L298NDriver.c(64): warning:  #188-D: enumerated type mixed with another type
                        HAL_GPIO_WritePin(motor2.GPIO_Port1, motor2.GPIO_Pin1, 0);
..\Core\Src\L298NDriver.c(65): warning:  #188-D: enumerated type mixed with another type
                        HAL_GPIO_WritePin(motor2.GPIO_Port2, motor2.GPIO_Pin2, 0);
..\Core\Src\L298NDriver.c(70): warning:  #1-D: last line of file ends without a newline
  }
..\Core\Src\L298NDriver.c: 26 warnings, 0 errors
compiling LegControl.c...
compiling mpu6050.c...
compiling pca9685.c...
..\Core\Src\pca9685.c(92): warning:  #1035-D: single-precision operand implicitly converted to double-precision
                PrescalerVal = (25000000 / (4096.0 * (float)Frequency)) - 1;
..\Core\Src\pca9685.c(93): warning:  #1035-D: single-precision operand implicitly converted to double-precision
                Prescale = floor(PrescalerVal + 0.5);
..\Core\Src\pca9685.c(178): warning:  #1035-D: single-precision operand implicitly converted to double-precision
        if(Angle < MIN_ANGLE) Angle = MIN_ANGLE;
..\Core\Src\pca9685.c(179): warning:  #1035-D: single-precision operand implicitly converted to double-precision
        if(Angle > MAX_ANGLE) Angle = MAX_ANGLE;
..\Core\Src\pca9685.c(181): warning:  #1035-D: single-precision operand implicitly converted to double-precision
        Value = (Angle - MIN_ANGLE) * ((float)SERVO_MAX - (float)SERVO_MIN) / (MAX_ANGLE - MIN_ANGLE) + (float)SERVO_MIN;
..\Core\Src\pca9685.c: 5 warnings, 0 errors
compiling servo.c...
compiling stm32f4xx_hal_adc.c...
compiling stm32f4xx_hal_adc_ex.c...
compiling stm32f4xx_ll_adc.c...
compiling stm32f4xx_hal_rcc.c...
compiling stm32f4xx_hal_rcc_ex.c...
compiling stm32f4xx_hal_flash.c...
compiling stm32f4xx_hal_flash_ex.c...
compiling stm32f4xx_hal_flash_ramfunc.c...
compiling stm32f4xx_hal_gpio.c...
compiling stm32f4xx_hal_dma_ex.c...
compiling stm32f4xx_hal_dma.c...
compiling stm32f4xx_hal_pwr.c...
compiling stm32f4xx_hal_pwr_ex.c...
compiling stm32f4xx_hal_cortex.c...
compiling stm32f4xx_hal.c...
compiling stm32f4xx_hal_exti.c...
compiling stm32f4xx_hal_i2c.c...
compiling stm32f4xx_hal_i2c_ex.c...
compiling stm32f4xx_hal_tim.c...
compiling stm32f4xx_hal_tim_ex.c...
compiling stm32f4xx_hal_uart.c...
compiling system_stm32f4xx.c...
compiling croutine.c...
compiling event_groups.c...
compiling list.c...
compiling queue.c...
compiling stream_buffer.c...
compiling tasks.c...
compiling timers.c...
compiling cmsis_os2.c...
compiling heap_4.c...
compiling port.c...
linking...
izbushka_project_8_1\izbushka_project_8_1.axf: Error: L6200E: Symbol L298N_move multiply defined (by l298ndriver.o and main.o).
Not enough information to list image symbols.
Not enough information to list the image map.
Finished: 2 information, 0 warning and 1 error messages.
"izbushka_project_8_1\izbushka_project_8_1.axf" - 1 Error(s), 62 Warning(s).
Target not created
