<html>
<body>
<pre>
<h1>µVision Build Log</h1>
<h2>Project:</h2>
C:\Users\~Darr_Kness~\Downloads\STM32v1\STM32 Code (leg and wheels)\Izbushka tankwheels\izbushka_project_8_1\izbushka_project_8_1\MDK-ARM\izbushka_project_8_1.uvproj
Project File Date:  01/08/2026

<h2>Output:</h2>
Rebuild target 'izbushka_project_8_1'
assembling startup_stm32f407xx.s...
compiling main.c...
..\Core\Inc\L298NDriver.h(19): warning:  #1-D: last line of file ends without a newline
  #endif /* LEGCONTROL_H_ */
../Core/Src/main.c(462): warning:  #188-D: enumerated type mixed with another type
                  HAL_GPIO_WritePin(motor.GPIO_Port1, motor.GPIO_Pin1, 1);
../Core/Src/main.c(463): warning:  #188-D: enumerated type mixed with another type
                  HAL_GPIO_WritePin(motor.GPIO_Port2, motor.GPIO_Pin2, 0);
../Core/Src/main.c(467): warning:  #188-D: enumerated type mixed with another type
                  HAL_GPIO_WritePin(motor.GPIO_Port1, motor.GPIO_Pin1, 0);
../Core/Src/main.c(468): warning:  #188-D: enumerated type mixed with another type
                  HAL_GPIO_WritePin(motor.GPIO_Port2, motor.GPIO_Pin2, 1);
../Core/Src/main.c(471): warning:  #188-D: enumerated type mixed with another type
                  HAL_GPIO_WritePin(motor.GPIO_Port1, motor.GPIO_Pin1, 0);
../Core/Src/main.c(472): warning:  #188-D: enumerated type mixed with another type
                  HAL_GPIO_WritePin(motor.GPIO_Port2, motor.GPIO_Pin2, 0);
../Core/Src/main.c(498): warning:  #188-D: enumerated type mixed with another type
                              HAL_GPIO_WritePin(motor.GPIO_Port1, motor.GPIO_Pin1, 1);
../Core/Src/main.c(499): warning:  #188-D: enumerated type mixed with another type
                              HAL_GPIO_WritePin(motor.GPIO_Port2, motor.GPIO_Pin2, 0);
../Core/Src/main.c(503): warning:  #188-D: enumerated type mixed with another type
                              HAL_GPIO_WritePin(motor.GPIO_Port1, motor.GPIO_Pin1, 0);
../Core/Src/main.c(504): warning:  #188-D: enumerated type mixed with another type
                              HAL_GPIO_WritePin(motor.GPIO_Port2, motor.GPIO_Pin2, 1);
../Core/Src/main.c(508): warning:  #188-D: enumerated type mixed with another type
                              HAL_GPIO_WritePin(motor.GPIO_Port1, motor.GPIO_Pin1, 0);
../Core/Src/main.c(509): warning:  #188-D: enumerated type mixed with another type
                              HAL_GPIO_WritePin(motor.GPIO_Port2, motor.GPIO_Pin2, 0);
../Core/Src/main.c(521): warning:  #188-D: enumerated type mixed with another type
                              HAL_GPIO_WritePin(motor.GPIO_Port1, motor.GPIO_Pin1, 0);
../Core/Src/main.c(522): warning:  #188-D: enumerated type mixed with another type
                              HAL_GPIO_WritePin(motor.GPIO_Port2, motor.GPIO_Pin2, 1);
../Core/Src/main.c(526): warning:  #188-D: enumerated type mixed with another type
                              HAL_GPIO_WritePin(motor.GPIO_Port1, motor.GPIO_Pin1, 1);
../Core/Src/main.c(527): warning:  #188-D: enumerated type mixed with another type
                              HAL_GPIO_WritePin(motor.GPIO_Port2, motor.GPIO_Pin2, 0);
../Core/Src/main.c(531): warning:  #188-D: enumerated type mixed with another type
                              HAL_GPIO_WritePin(motor.GPIO_Port1, motor.GPIO_Pin1, 0);
../Core/Src/main.c(532): warning:  #188-D: enumerated type mixed with another type
                              HAL_GPIO_WritePin(motor.GPIO_Port2, motor.GPIO_Pin2, 0);
../Core/Src/main.c(679): warning:  #174-D: expression has no effect
                      __NOP;
../Core/Src/main.c(751): warning:  #174-D: expression has no effect
              __NOP;
../Core/Src/main.c(755): warning:  #174-D: expression has no effect
              __NOP;
../Core/Src/main.c(759): warning:  #174-D: expression has no effect
              __NOP;
../Core/Src/main.c(2073): warning:  #177-D: variable "servoAngleLastData" was declared but never referenced
          float servoAngleLastData[6];
../Core/Src/main.c(2118): warning:  #177-D: variable "legSwitch" was declared but never referenced
              bool legSwitch = false;
../Core/Src/main.c(2362): warning:  #177-D: variable "size" was declared but never referenced
                                              int size = sizeof(c2)/sizeof(uint8_t);
../Core/Src/main.c(2373): warning:  #188-D: enumerated type mixed with another type
                                      HAL_GPIO_WritePin(GPIOG,GPIO_PIN_13,red);
../Core/Src/main.c(2374): warning:  #188-D: enumerated type mixed with another type
                                      HAL_GPIO_WritePin(GPIOG,GPIO_PIN_14,green);
../Core/Src/main.c(2375): warning:  #188-D: enumerated type mixed with another type
                                      HAL_GPIO_WritePin(GPIOG,GPIO_PIN_15,blue);
../Core/Src/main.c(2722): warning:  #177-D: variable "leftLegDev" was declared but never referenced
                          int leftLegDev=0;
../Core/Src/main.c(2723): warning:  #177-D: variable "rightLegDev" was declared but never referenced
                          int rightLegDev = 0;
../Core/Src/main.c(2724): warning:  #177-D: variable "correctAngleL" was declared but never referenced
                          int correctAngleL=0;
../Core/Src/main.c(2725): warning:  #177-D: variable "correctAngleR" was declared but never referenced
                          int correctAngleR=0;    
../Core/Src/main.c(765): warning:  #177-D: function "_sign" was declared but never referenced
      static inline int8_t _sign(int val) {
../Core/Src/main.c(2839): warning: C4017W: timerRight may be used before being set
        int timerLeft,timerRight;
../Core/Src/main.c(2839): warning: C4017W: timerLeft may be used before being set
        int timerLeft,timerRight;
../Core/Src/main.c: 36 warnings, 0 errors
compiling freertos.c...
compiling stm32f4xx_it.c...
compiling stm32f4xx_hal_msp.c...
compiling stm32f4xx_hal_timebase_tim.c...
compiling DHT.c...
compiling LegControl.c...
compiling mpu6050.c...
compiling pca9685.c...
..\Core\Src\pca9685.c(92): warning:  #1035-D: single-precision operand implicitly converted to double-precision
                PrescalerVal = (25000000 / (4096.0 * (float)Frequency)) - 1;
..\Core\Src\pca9685.c(93): warning:  #1035-D: single-precision operand implicitly converted to double-precision
                Prescale = floor(PrescalerVal + 0.5);
..\Core\Src\pca9685.c(178): warning:  #1035-D: single-precision operand implicitly converted to double-precision
        if(Angle < MIN_ANGLE) Angle = MIN_ANGLE;
..\Core\Src\pca9685.c(179): warning:  #1035-D: single-precision operand implicitly converted to double-precision
        if(Angle > MAX_ANGLE) Angle = MAX_ANGLE;
..\Core\Src\pca9685.c(181): warning:  #1035-D: single-precision operand implicitly converted to double-precision
        Value = (Angle - MIN_ANGLE) * ((float)SERVO_MAX - (float)SERVO_MIN) / (MAX_ANGLE - MIN_ANGLE) + (float)SERVO_MIN;
..\Core\Src\pca9685.c: 5 warnings, 0 errors
compiling servo.c...
compiling L298NDriver.c...
..\Core\Inc\L298NDriver.h(19): warning:  #1-D: last line of file ends without a newline
  #endif /* LEGCONTROL_H_ */
L298NDriver.c(9): warning:  #188-D: enumerated type mixed with another type
                        HAL_GPIO_WritePin(motor.GPIO_Port1, motor.GPIO_Pin1, 0);
L298NDriver.c(10): warning:  #188-D: enumerated type mixed with another type
                        HAL_GPIO_WritePin(motor.GPIO_Port2, motor.GPIO_Pin2, 1);
L298NDriver.c(13): warning:  #188-D: enumerated type mixed with another type
                        HAL_GPIO_WritePin(motor.GPIO_Port1, motor.GPIO_Pin1, 1);
L298NDriver.c(14): warning:  #188-D: enumerated type mixed with another type
                        HAL_GPIO_WritePin(motor.GPIO_Port2, motor.GPIO_Pin2, 0);
L298NDriver.c(17): warning:  #188-D: enumerated type mixed with another type
                        HAL_GPIO_WritePin(motor.GPIO_Port1, motor.GPIO_Pin1, 0);
L298NDriver.c(18): warning:  #188-D: enumerated type mixed with another type
                        HAL_GPIO_WritePin(motor.GPIO_Port2, motor.GPIO_Pin2, 0);
L298NDriver.c(26): warning:  #188-D: enumerated type mixed with another type
                        HAL_GPIO_WritePin(motor1.GPIO_Port1, motor1.GPIO_Pin1, 0);
L298NDriver.c(27): warning:  #188-D: enumerated type mixed with another type
                        HAL_GPIO_WritePin(motor1.GPIO_Port2, motor1.GPIO_Pin2, 1);
L298NDriver.c(30): warning:  #188-D: enumerated type mixed with another type
                        HAL_GPIO_WritePin(motor1.GPIO_Port1, motor1.GPIO_Pin1, 1);
L298NDriver.c(31): warning:  #188-D: enumerated type mixed with another type
                        HAL_GPIO_WritePin(motor1.GPIO_Port2, motor1.GPIO_Pin2, 0);
L298NDriver.c(34): warning:  #188-D: enumerated type mixed with another type
                        HAL_GPIO_WritePin(motor1.GPIO_Port1, motor1.GPIO_Pin1, 0);
L298NDriver.c(35): warning:  #188-D: enumerated type mixed with another type
                        HAL_GPIO_WritePin(motor1.GPIO_Port2, motor1.GPIO_Pin2, 0);
L298NDriver.c(40): warning:  #188-D: enumerated type mixed with another type
                        HAL_GPIO_WritePin(motor2.GPIO_Port1, motor2.GPIO_Pin1, 0);
L298NDriver.c(41): warning:  #188-D: enumerated type mixed with another type
                        HAL_GPIO_WritePin(motor2.GPIO_Port2, motor2.GPIO_Pin2, 1);
L298NDriver.c(44): warning:  #188-D: enumerated type mixed with another type
                        HAL_GPIO_WritePin(motor2.GPIO_Port1, motor2.GPIO_Pin1, 1);
L298NDriver.c(45): warning:  #188-D: enumerated type mixed with another type
                        HAL_GPIO_WritePin(motor2.GPIO_Port2, motor2.GPIO_Pin2, 0);
L298NDriver.c(48): warning:  #188-D: enumerated type mixed with another type
                        HAL_GPIO_WritePin(motor2.GPIO_Port1, motor2.GPIO_Pin1, 0);
L298NDriver.c(49): warning:  #188-D: enumerated type mixed with another type
                        HAL_GPIO_WritePin(motor2.GPIO_Port2, motor2.GPIO_Pin2, 0);
L298NDriver.c(54): warning:  #1-D: last line of file ends without a newline
  }
L298NDriver.c: 20 warnings, 0 errors
compiling stm32f4xx_hal_adc.c...
compiling stm32f4xx_hal_adc_ex.c...
compiling stm32f4xx_ll_adc.c...
compiling stm32f4xx_hal_rcc.c...
compiling stm32f4xx_hal_rcc_ex.c...
compiling stm32f4xx_hal_flash.c...
compiling stm32f4xx_hal_flash_ex.c...
compiling stm32f4xx_hal_flash_ramfunc.c...
compiling stm32f4xx_hal_gpio.c...
compiling stm32f4xx_hal_dma_ex.c...
compiling stm32f4xx_hal_dma.c...
compiling stm32f4xx_hal_pwr.c...
compiling stm32f4xx_hal_pwr_ex.c...
compiling stm32f4xx_hal_cortex.c...
compiling stm32f4xx_hal.c...
compiling stm32f4xx_hal_exti.c...
compiling stm32f4xx_hal_i2c.c...
compiling stm32f4xx_hal_i2c_ex.c...
compiling stm32f4xx_hal_tim.c...
compiling stm32f4xx_hal_tim_ex.c...
compiling stm32f4xx_hal_uart.c...
compiling system_stm32f4xx.c...
compiling croutine.c...
compiling event_groups.c...
compiling list.c...
compiling queue.c...
compiling stream_buffer.c...
compiling tasks.c...
compiling timers.c...
compiling cmsis_os2.c...
compiling heap_4.c...
compiling port.c...
linking...
Program Size: Code=52744 RO-data=1532 RW-data=1160 ZI-data=22200  
FromELF: creating hex file...
"izbushka_project_8_1\izbushka_project_8_1.axf" - 0 Error(s), 61 Warning(s).
</pre>
</body>
</html>
